Open Watcom Linker Version 2.0 beta Jan 23 2026 02:58:42 (64-bit)
Copyright (c) 2002-2026 The Open Watcom Contributors. All Rights Reserved.
Portions Copyright (c) 1985-2002 Sybase, Inc. All Rights Reserved.
Created on:       26/05/14 14:31:04
Executable Image: gfxtest.exe
creating a DOS executable


                        +------------+
                        |   Groups   |
                        +------------+

Group                           Address              Size
=====                           =======              ====

DGROUP                          0454:0000            00000c80



                        +--------------+
                        |   Segments   |
                        +--------------+

Segment                Class          Group          Address         Size
=======                =====          =====          =======         ====

raster_TEXT            CODE           AUTO           0000:0000       0000003d
gfxtest_TEXT           CODE           AUTO           0000:003d       000004b4
_TEXT                  CODE           AUTO           0000:0500       0000403e
FAR_DATA               FAR_DATA       AUTO           0453:000e       00000000
_NULL                  BEGDATA        DGROUP         0454:0000       00000020
_AFTERNULL             BEGDATA        DGROUP         0456:0000       00000002
_DATA                  DATA           DGROUP         0456:0002       00000222
CONST                  DATA           DGROUP         0478:0004       000000d0
CONST2                 DATA           DGROUP         0485:0004       00000025
XIB                    DATA           DGROUP         0487:000a       00000000
XI                     DATA           DGROUP         0487:000a       00000018
XIE                    DATA           DGROUP         0489:0002       00000000
YIB                    DATA           DGROUP         0489:0002       00000000
YI                     DATA           DGROUP         0489:0002       0000000c
YIE                    DATA           DGROUP         0489:000e       00000000
DATA                   DATA           DGROUP         0489:000e       00000000
_BSS                   BSS            DGROUP         0489:000e       00000119
STACK                  STACK          DGROUP         049c:0000       00000800


                        +----------------+
                        |   Memory Map   |
                        +----------------+

* = unreferenced symbol
+ = symbol only referenced locally

Address        Symbol
=======        ======

Module: raster.obj(C:\code\DontShitYourPants\gfxtest\raster.asm)
0000:0000      raster_split_nopoll_
Module: gfxtest.obj(C:\code\DontShitYourPants\gfxtest\gfxtest.c)
0000:003d+     set_160x100_mode_cga_
0000:00f0+     DrawChar_
0000:0147+     DrawTextColor_
0000:0201      main_
0454:0022+     _text_mem
0454:0026+     _graphicsmode
0454:0028+     _TextAtTop
0454:0029      _SplitAtLine
0454:002b+     _Vsync
0454:002c+     _Vtotal
0454:002d+     _Vadj
0454:002e+     _Vdisp
0454:002f+     _cga160crtc
Module: C:\WATCOM\lib286\dos\clibl.lib(stk)
0000:0505      __STK
0000:0525*     __STKOVERFLOW_
Module: C:\WATCOM\lib286\dos\clibl.lib(outp.c)
0000:0540      outp_
Module: C:\WATCOM\lib286\dos\clibl.lib(intx086.c)
0000:054a+     int86x_
0000:05eb      int86_
Module: C:\WATCOM\lib286\dos\clibl.lib(fopen.c)
0000:0618+     __open_flags_
0000:07ff+     _fsopen_
0000:0860      fopen_
0000:0934*     freopen_
Module: C:\WATCOM\lib286\dos\clibl.lib(printf.c)
0000:09a0      printf_
Module: C:\WATCOM\lib286\dos\clibl.lib(fread.c)
0000:09bf      fread_
Module: C:\WATCOM\lib286\dos\clibl.lib(fclose.c)
0000:0b86      __doclose_
0000:0c44      __shutdown_stream_
0000:0c5b      fclose_
0454:035e+     ___RmTmpFileFn
Module: C:\WATCOM\lib286\dos\clibl.lib(sprintf.c)
0000:0ca5      sprintf_
Module: C:\WATCOM\lib286\dos\clibl.lib(kbhit.c)
0000:0cc6      kbhit_
Module: C:\WATCOM\lib286\dos\clibl.lib(getch.c)
0000:0ce1      getch_
Module: C:\WATCOM\lib286\dos\clibl.lib(cstart)
0454:0000*     __nullarea
0454:0040*     __ovlflag
0454:0041*     __intno
0454:0042*     __ovlvec
0000:0cfc      _cstart_
0000:0ea7      __exit_
0000:0ec4      __do_exit_with_msg_
0000:0fa1      __GETDS
Module: C:\WATCOM\lib286\dos\clibl.lib(cmodel)
0000:0fac      _big_code_
0000:0fac*     CodeModelMismatch
Module: C:\WATCOM\lib286\dos\clibl.lib(xmsg.c)
0000:0fac*     __exit_with_msg_
0000:0faf      __fatal_runtime_error_
Module: C:\WATCOM\lib286\dos\clibl.lib(crwdata)
0454:0046      __curbrk
0454:004e      __STACKLOW
0454:0050      __STACKTOP
0454:0052      __cbyte
0454:0054      __child
0454:0056      __no87
0454:0063      ___FPE_handler
0454:0048      __psp
0454:0057      __get_ovl_stack
0454:005b      __restore_ovl_stack
0454:005f      __close_ovl_file
0454:0067      __LpCmdLine
0454:006b      __LpPgmName
0454:004a      __osmajor
0454:004b      __osminor
0454:004c      __osmode
0454:004d      __HShift
Module: C:\WATCOM\lib286\dos\clibl.lib(dointr)
0000:0fc8      _DoINTR_
Module: C:\WATCOM\lib286\dos\clibl.lib(segread.c)
0000:133d      segread_
Module: C:\WATCOM\lib286\dos\clibl.lib(comtflag.c)
0454:0070      __commode
Module: C:\WATCOM\lib286\dos\clibl.lib(errno.c)
0000:135d*     __get_errno_ptr_
0454:0360      _errno
Module: C:\WATCOM\lib286\dos\clibl.lib(textmode.c)
0454:0072      __fmode
Module: C:\WATCOM\lib286\dos\clibl.lib(tolower.c)
0000:1364      tolower_
Module: C:\WATCOM\lib286\dos\clibl.lib(open.c)
0000:1562*     open_
0000:1589      _sopen_
Module: C:\WATCOM\lib286\dos\clibl.lib(fseek.c)
0000:1613      fseek_
Module: C:\WATCOM\lib286\dos\clibl.lib(chktty.c)
0000:1771      __chktty_
Module: C:\WATCOM\lib286\dos\clibl.lib(freefp.c)
0000:179c      __freefp_
0000:1811      __purgefp_
Module: C:\WATCOM\lib286\dos\clibl.lib(allocfp.c)
0000:184d      __allocfp_
Module: C:\WATCOM\lib286\dos\clibl.lib(iob.c)
0454:0074      ___iob
0454:0362      ___OpenStreams
0454:0366      ___ClosedStreams
Module: C:\WATCOM\lib286\dos\clibl.lib(fprtf.c)
0000:1983      __fprtf_
Module: C:\WATCOM\lib286\dos\clibl.lib(memcpy.c)
0000:1a46      memcpy_
Module: C:\WATCOM\lib286\dos\clibl.lib(qread.c)
0000:1a68      __qread_
Module: C:\WATCOM\lib286\dos\clibl.lib(ioalloc.c)
0000:1a86      __ioalloc_
Module: C:\WATCOM\lib286\dos\clibl.lib(fgetc.c)
0000:1b1e      __fill_buffer_
0000:1c0a*     fgetc_
Module: C:\WATCOM\lib286\dos\clibl.lib(__lseek.c)
0000:1caf      __lseek_
Module: C:\WATCOM\lib286\dos\clibl.lib(_clse.c)
0000:1ced      __close_
Module: C:\WATCOM\lib286\dos\clibl.lib(ffree.c)
0000:1d16      _ffree_
0000:1d16      free_
Module: C:\WATCOM\lib286\dos\clibl.lib(flush.c)
0000:1d5e      __flush_
0000:1e90*     __clib_flush_
Module: C:\WATCOM\lib286\dos\clibl.lib(vsprintf.c)
0000:1ead      vsprintf_
Module: C:\WATCOM\lib286\dos\clibl.lib(cmain086.c)
0000:1ed4      __CMain
Module: C:\WATCOM\lib286\dos\clibl.lib(initrtns.c)
0000:1f22      __InitRtns
0000:1f79      __FiniRtns
Module: C:\WATCOM\lib286\dos\clibl.lib(uselfn.c)
0454:01dc      ___uselfn
Module: C:\WATCOM\lib286\dos\clibl.lib(dosseg)
0000:1fda      __DOSseg__
Module: C:\WATCOM\lib286\dos\clibl.lib(enterdb.c)
0000:1fdb      __EnterWVIDEO_
0454:01de+     __WD_Present
Module: C:\WATCOM\lib286\dos\clibl.lib(opendos.c)
0000:1fff      _dos_open_
Module: C:\WATCOM\lib286\dos\clibl.lib(iomode.c)
0000:2023      __GetIOMode_
0000:2048      __SetIOMode_
0454:01e0      ___NFiles
0454:01e2      ___init_mode
0454:020a      ___io_mode
Module: C:\WATCOM\lib286\dos\clibl.lib(isatt.c)
0000:206b      isatty_
Module: C:\WATCOM\lib286\dos\clibl.lib(doserrno.c)
0000:2091*     __get_doserrno_ptr_
0454:036a      __doserrno
Module: C:\WATCOM\lib286\dos\clibl.lib(umaskval.c)
0454:020e      ___umaskval
Module: C:\WATCOM\lib286\dos\clibl.lib(creatdos.c)
0000:2098      _dos_creat_
0000:20ba*     _dos_creatnew_
Module: C:\WATCOM\lib286\dos\clibl.lib(stiomode.c)
0000:20d9+     __grow_iomode_
0000:21c5      __SetIOMode_grow_
Module: C:\WATCOM\lib286\dos\clibl.lib(dosret.c)
0000:221d      __set_errno_dos_
0000:2277*     __set_errno_dos_reterr_
Module: C:\WATCOM\lib286\dos\clibl.lib(lseek.c)
0000:2281      lseek_
Module: C:\WATCOM\lib286\dos\clibl.lib(tell.c)
0000:22ac      _tell_
Module: C:\WATCOM\lib286\dos\clibl.lib(memset.c)
0000:22bb      memset_
Module: C:\WATCOM\lib286\dos\clibl.lib(fmalloc.c)
0000:22d2      _fmalloc_
0000:22d2      malloc_
0454:0224+     ___fheapbeg
0454:0226      ___fheapRover
0454:0228      ___LargestSizeB4Rover
Module: C:\WATCOM\lib286\dos\clibl.lib(initfile.c)
0000:23e3      __InitFiles_
Module: C:\WATCOM\lib286\dos\clibl.lib(ioexit.c)
0000:253a*     fcloseall_
0000:2541      __full_io_exit_
Module: C:\WATCOM\lib286\dos\clibl.lib(fputc.c)
0000:2549      fputc_
Module: C:\WATCOM\lib286\dos\clibl.lib(prtf.c)
0000:3157      __prtf_
Module: C:\WATCOM\lib286\dos\clibl.lib(flushall.c)
0000:338b      __flushall_
0000:33e6*     flushall_
Module: C:\WATCOM\lib286\dos\clibl.lib(gtche.c)
0000:33ed      getche_
Module: C:\WATCOM\lib286\dos\clibl.lib(nmalloc.c)
0000:3407      _nmalloc_
0454:022a      ___nheapbeg
0454:022c      ___MiniHeapRover
0454:022e      ___LargestSizeB4MiniHeapRover
Module: C:\WATCOM\lib286\dos\clibl.lib(mem.c)
0000:34e0      __MemAllocator
0000:35a6      __MemFree
Module: C:\WATCOM\lib286\dos\clibl.lib(nfree.c)
0000:371d      _nfree_
0454:036e+     ___MiniHeapFreeRover
Module: C:\WATCOM\lib286\dos\clibl.lib(qwrit.c)
0000:381a      __qwrite_
Module: C:\WATCOM\lib286\dos\clibl.lib(fsync.c)
0000:3876      fsync_
Module: C:\WATCOM\lib286\dos\clibl.lib(___argc.c)
0454:0370      ____Argv
0454:0374      ____Argc
Module: C:\WATCOM\lib286\dos\clibl.lib(exit.c)
0000:387b+     __null_int23_exit_
0000:387c      exit_
0000:38a7*     _exit_
0454:0230+     ___int23_exit
0454:0232+     ___FPE_handler_exit
Module: C:\WATCOM\lib286\dos\clibl.lib(sgdef086)
0454:033a      __Start_XI
0454:0352      __End_XI
0454:0352      __Start_YI
0454:035e      __End_YI
Module: C:\WATCOM\lib286\dos\clibl.lib(doserror)
0000:38c0      __doserror_
0000:38cc*     __doserror1_
Module: C:\WATCOM\lib286\dos\clibl.lib(frealloc.c)
0000:38d6*     _frealloc_
0000:38d6      realloc_
Module: C:\WATCOM\lib286\dos\clibl.lib(iomodtty.c)
0000:399a      __ChkTTYIOMode_
Module: C:\WATCOM\lib286\dos\clibl.lib(growseg.c)
0000:39d8      __GrowSeg_
Module: C:\WATCOM\lib286\dos\clibl.lib(allocseg.c)
0000:3aa7      __AllocSeg_
Module: C:\WATCOM\lib286\dos\clibl.lib(fmemneed.c)
0000:3b46      __fmemneed_
Module: C:\WATCOM\lib286\dos\clibl.lib(heapgrow.c)
0000:3b49*     _heapgrow_
0000:3b49*     _fheapgrow_
0000:3b4a      _nheapgrow_
Module: C:\WATCOM\lib286\dos\clibl.lib(wctomb.c)
0000:3bc1      wctomb_
Module: C:\WATCOM\lib286\dos\clibl.lib(itoa.c)
0000:3bea+     utoa_
0000:3c47      itoa_
Module: C:\WATCOM\lib286\dos\clibl.lib(strlen.c)
0000:3c6b      strlen_
Module: C:\WATCOM\lib286\dos\clibl.lib(i4m)
0000:3c80*     __I4M
0000:3c80      __U4M
Module: C:\WATCOM\lib286\dos\clibl.lib(noefgfmt.c)
0454:0234      ___EFG_printf
0454:0238*     ___EFG_scanf
Module: C:\WATCOM\lib286\dos\clibl.lib(lltoa.c)
0000:3ca6      ulltoa_
0000:3d8a*     lltoa_
Module: C:\WATCOM\lib286\dos\clibl.lib(strupr.c)
0000:3dec      _strupr_
Module: C:\WATCOM\lib286\dos\clibl.lib(ltoa.c)
0000:3e0e      ultoa_
0000:3e7d*     ltoa_
Module: C:\WATCOM\lib286\dos\clibl.lib(mbislead.c)
0000:3eac      _ismbblead_
0454:0376      ___MBCSIsTable
Module: C:\WATCOM\lib286\dos\clibl.lib(nmemneed.c)
0000:3ec9      __nmemneed_
Module: C:\WATCOM\lib286\dos\clibl.lib(grownear.c)
0000:3f4b      __LastFree_
0000:3fc3      __ExpandDGROUP_
Module: C:\WATCOM\lib286\dos\clibl.lib(filedos.c)
0000:40c8*     _dos_close_
0000:40d4      _dos_commit_
Module: C:\WATCOM\lib286\dos\clibl.lib(fmsize.c)
0000:40e1*     _msize_
0000:40e1      _fmsize_
Module: C:\WATCOM\lib286\dos\clibl.lib(nexpand.c)
0000:40f2      _nexpand_
Module: C:\WATCOM\lib286\dos\clibl.lib(fmemcpy.c)
0000:4142      _fmemcpy_
Module: C:\WATCOM\lib286\dos\clibl.lib(fexpand.c)
0000:4167      _fexpand_
0000:4167*     _expand_
Module: C:\WATCOM\lib286\dos\clibl.lib(heapen.c)
0000:419c*     _heapenable_
0454:023c      ___heap_enabled
Module: C:\WATCOM\lib286\dos\clibl.lib(amblksiz.c)
0454:023e      __amblksiz
Module: C:\WATCOM\lib286\dos\clibl.lib(alphabet.c)
0454:0314      ___Alphabet
Module: C:\WATCOM\lib286\dos\clibl.lib(mbinit.c)
0000:4215      __mbinit_
0454:0240+     ___MBCodePage
Module: C:\WATCOM\lib286\dos\clibl.lib(sbrk.c)
0000:4292      __brk_
0000:42f7*     sbrk_
Module: C:\WATCOM\lib286\dos\clibl.lib(_expand.c)
0000:4307      __HeapManager_expand_
Module: C:\WATCOM\lib286\dos\clibl.lib(bexpand.c)
0000:4487      _bexpand_
Module: C:\WATCOM\lib286\dos\clibl.lib(mbisdbcs.c)
0454:0242      ___IsDBCS
Module: C:\WATCOM\lib286\dos\clibl.lib(getltdos.c)
0000:44e0      dos_get_dbcs_lead_table_
Module: C:\WATCOM\lib286\dos\clibl.lib(getcpdos.c)
0000:4509      dos_get_code_page_
Module: C:\WATCOM\lib286\dos\clibl.lib(bfree.c)
0000:4519      _bfree_


                        +--------------------+
                        |   Libraries Used   |
                        +--------------------+

C:\WATCOM\lib286\dos\clibl.lib


                        +-----------------------+
                        |   Linker Statistics   |
                        +-----------------------+

Stack size:  0800 (2048.)
Memory size:  51c0 (20928.)
Entry point address: 0000:0cfc
Link time: 00:00.07
