Open Watcom Linker Version 2.0 beta Jan 23 2026 02:58:42 (64-bit)
Copyright (c) 2002-2026 The Open Watcom Contributors. All Rights Reserved.
Portions Copyright (c) 1985-2002 Sybase, Inc. All Rights Reserved.
Created on:       26/02/13 00:37:40
Executable Image: dontshit.exe
creating a DOS executable


                        +------------+
                        |   Groups   |
                        +------------+

Group                           Address              Size
=====                           =======              ====

DGROUP                          0641:0000            00002060



                        +--------------+
                        |   Segments   |
                        +--------------+

Segment                Class          Group          Address         Size
=======                =====          =====          =======         ====

main_TEXT              CODE           AUTO           0000:0000       0000037d
gamelogic_TEXT         CODE           AUTO           0000:037d       00000e12
tunes_TEXT             CODE           AUTO           0000:118f       00000192
states_TEXT            CODE           AUTO           0000:1321       00000000
gfx_TEXT               CODE           AUTO           0000:1321       00000bcd
_TEXT                  CODE           AUTO           0000:1ef0       0000451f
FAR_DATA               FAR_DATA       AUTO           0640:000f       00000000
_NULL                  BEGDATA        DGROUP         0641:0000       00000020
_AFTERNULL             BEGDATA        DGROUP         0643:0000       00000002
CONST                  DATA           DGROUP         0643:0002       000002ae
CONST2                 DATA           DGROUP         066e:0000       0000002d
_DATA                  DATA           DGROUP         0670:000e       00001198
XIB                    DATA           DGROUP         078a:0006       00000000
XI                     DATA           DGROUP         078a:0006       00000018
XIE                    DATA           DGROUP         078b:000e       00000000
YIB                    DATA           DGROUP         078b:000e       00000000
YI                     DATA           DGROUP         078b:000e       0000000c
YIE                    DATA           DGROUP         078c:000a       00000000
DATA                   DATA           DGROUP         078c:000a       00000000
_BSS                   BSS            DGROUP         078c:000a       0000039d
STACK                  STACK          DGROUP         07c7:0000       00000800


                        +----------------+
                        |   Memory Map   |
                        +----------------+

* = unreferenced symbol
+ = symbol only referenced locally

Address        Symbol
=======        ======

Module: ./build/main.obj(c:\code\DontShitYourPants\main.c)
0000:002d+     hook_keyb_int_
0000:0073+     unhook_keyb_int_
0000:00d2      Frontend_Exit_
0000:0113      main_
0641:02fe+     _kbd_US
0641:037e+     _SecondCount
0641:14ba+     _InputBuff
0641:151e+     _old_keyb_int
0641:1522+     _TimeBuf
Module: ./build/gamelogic.obj(c:\code\DontShitYourPants\gamelogic.c)
0000:037d+     FindString_
0000:0409+     FindVerb_
0000:0500+     LoadVerbs_
0000:0921      EnterState_
0000:098a+     DrawAward_
0000:0a3e+     SaveAwards_
0000:0aa5+     LoadAwards_
0000:0b33+     RunAction_
0000:0f38+     RunVerb_
0000:1097      Gamelogic_Init_
0000:10bc      GameLogic_TextInput_
0000:10ef      Gamelogic_SecondTick_
0641:0380+     _firstverb
0641:0384+     _GameStrings
0641:0388+     _pillstaken
0641:0389+     _Countdown
0641:038b+     _PillCountdown
0641:038d+     _FartCount
0641:038f+     _Awards
0641:0393+     _filter
0641:0396+     _CurrState
0641:039a+     _OldAwards
Module: ./build/tunes.obj(c:\code\DontShitYourPants\tunes.c)
0000:118f+     note_
0000:1216+     nosound_
0000:1248      Music_Task_
0000:12e2      PlaySound_
0641:039c+     _NoteTable
0641:059c+     _SONG_INTRO
0641:05e8+     _SONG_SUCCESS
0641:0628+     _SONG_FAILURE
0641:0644+     _SONG_AWARD
0641:065c+     _SONG_ALLSHOOKUP
0641:0670      _JukeBox
0641:0684+     _MSPerFrame
0641:0686+     _MSCounter
0641:1540+     _CurrNote
Module: ./build/states.obj(c:\code\DontShitYourPants\states.c)
0641:068a+     _ACTIONS_MENU
0641:0708+     _ACTIONS_AWARDS
0641:0738+     _ACTIONS_AWARDS2
0641:0762+     _ACTIONS_STANDING
0641:0804+     _ACTIONS_STANDINGPANTSOFF
0641:08a0+     _ACTIONS_DOOROPEN
0641:0942+     _ACTIONS_DOOROPENPANTSOFF
0641:09e4+     _ACTIONS_ONTOILET
0641:0a7a+     _ACTIONS_ONTOILETPANTSOFF
0641:0b1c+     _ACTIONS_SHITONFLOOR
0641:0b46+     _ACTIONS_SHITINTOILET
0641:0b70+     _ACTIONS_SHITPANTSSTANDING
0641:0b9a+     _ACTIONS_SHITINPANTSSITTING
0641:0bc4+     _ACTIONS_BREAKPANTSON
0641:0bee+     _ACTIONS_BREAKPANTSOFF
0641:0c12+     _ACTIONS_FARTPANTSON
0641:0c36+     _ACTIONS_FARTPANTSOFF
0641:0c5a+     _ACTIONS_DIEPANTSON
0641:0c84+     _ACTIONS_DIEPANTSOFF
0641:0cae+     _ACTIONS_DIEPANTSONSITTING
0641:0cd8+     _ACTIONS_DIEPANTSOFFSITTING
0641:0d02+     _ACTIONS_DONTSHITPANTSON
0641:0d2c+     _ACTIONS_DONTSHITPANTSOFF
0641:0d56+     _ACTIONS_DONTSHITPANTSONSITTING
0641:0d80+     _ACTIONS_DONTSHITPANTSOFFSITTING
0641:0daa+     _ACTIONS_PILLSSTANDINGPANTSON1
0641:0dd4+     _ACTIONS_PILLSSTANDINGPANTSON2
0641:0df2+     _ACTIONS_PILLSSTANDINGPANTSON3
0641:0e1c+     _ACTIONS_PILLSSTANDINGPANTSOFF1
0641:0e46+     _ACTIONS_PILLSSTANDINGPANTSOFF2
0641:0e64+     _ACTIONS_PILLSSTANDINGPANTSOFF3
0641:0e88+     _ACTIONS_PILLSSITTINGPANTSON1
0641:0eb2+     _ACTIONS_PILLSSITTINGPANTSON2
0641:0ed0+     _ACTIONS_PILLSSITTINGPANTSON3
0641:0efa+     _ACTIONS_PILLSSITTINGPANTSOFF1
0641:0f24+     _ACTIONS_PILLSSITTINGPANTSOFF2
0641:0f42+     _ACTIONS_PILLSSITTINGPANTSOFF3
0641:0f6c+     _ACTIONS_TIMEOVERSTANDINGPANTSON
0641:0f96+     _ACTIONS_TIMEOVERSTANDINGPANTSOFF
0641:0fc0+     _ACTIONS_TIMEOVERSITTINGPANTSON
0641:0fea+     _ACTIONS_TIMEOVERSITTINGPANTSOFF
0641:1014+     _ACTIONS_STARTINGGUN
0641:103e+     _ACTIONS_SHITINPANTSWHILEOFF
0641:1068+     _ACTIONS_FARTPANTSONSITTING
0641:108c+     _ACTIONS_SHITONBATHROOMFLOOR
0641:10b6+     _ACTIONS_ELVIS
0641:10e0      _ACTIONS_GLOBAL
0641:114c      _GameStates
Module: ./build/gfx.obj(c:\code\DontShitYourPants\gfx.c)
0000:1321+     set_160x100_mode_cga_
0000:13c9+     set_160x100_mode_ega200_
0000:144f+     set_160x100_mode_ega_
0000:14d5+     set_160x100_mode_vga_
0000:155b+     set_160x100_mode_vga_200_
0000:15da      SetRows_
0000:1619      SetTextLine_
0000:1642      DrawChar_
0000:1699      DrawTextColor_
0000:1753      ClearLine_
0000:1788      ClearScreen_
0000:17bb      DisplayText_
0000:1806+     Decode_
0000:1885      DisplayGFX_
0000:1911+     enable_cursor_
0000:1982      update_cursor_
0000:19f3+     LoadGFX_
0000:1b31      GFX_DrawScreenSplit_
0000:1c55      GFX_Init_
0641:126c+     _text_mem
0641:1270+     _graphicsmode
0641:1272+     _cga160crtc
0641:1280+     _row_multiplier
0641:1282+     _split_rows
0641:1284+     _gfxlines
0641:1286      _textline
0641:1288      _keybuf_head
0641:128a+     _last_keybyte
0641:1544      _keybuf
0641:1564+     _DrawPoint
0641:1568+     _Graphics
Module: C:\WATCOM\lib286\dos\clibl.lib(outp.c)
0000:1ef0      outp_
Module: C:\WATCOM\lib286\dos\clibl.lib(stk)
0000:1eff      __STK
0000:1f1f*     __STKOVERFLOW_
Module: C:\WATCOM\lib286\dos\clibl.lib(d_getvec.c)
0000:1f3a      _dos_getvect_
Module: C:\WATCOM\lib286\dos\clibl.lib(d_setvec.c)
0000:1f45      _dos_setvect_
Module: C:\WATCOM\lib286\dos\clibl.lib(intx086.c)
0000:1f52+     int86x_
0000:1ff3      int86_
Module: C:\WATCOM\lib286\dos\clibl.lib(exit.c)
0000:2020+     __null_int23_exit_
0000:2021      exit_
0000:204c*     _exit_
0641:128e+     ___int23_exit
0641:1290+     ___FPE_handler_exit
Module: C:\WATCOM\lib286\dos\clibl.lib(memset.c)
0000:2065      memset_
Module: C:\WATCOM\lib286\dos\clibl.lib(sprintf.c)
0000:207c      sprintf_
Module: C:\WATCOM\lib286\dos\clibl.lib(strlen.c)
0000:209d      strlen_
Module: C:\WATCOM\lib286\dos\clibl.lib(cstart)
0641:0000*     __nullarea
0641:1292*     __ovlflag
0641:1293*     __intno
0641:1294*     __ovlvec
0000:20b2      _cstart_
0000:225d      __exit_
0000:227a      __do_exit_with_msg_
0000:2357      __GETDS
Module: C:\WATCOM\lib286\dos\clibl.lib(cmodel)
0000:2362      _big_code_
0000:2362*     CodeModelMismatch
Module: C:\WATCOM\lib286\dos\clibl.lib(strcmp.c)
0000:2362      strcmp_
Module: C:\WATCOM\lib286\dos\clibl.lib(fopen.c)
0000:238a+     __open_flags_
0000:2571+     _fsopen_
0000:25d2      fopen_
0000:26a6*     freopen_
Module: C:\WATCOM\lib286\dos\clibl.lib(fgets.c)
0000:2712      fgets_
Module: C:\WATCOM\lib286\dos\clibl.lib(fmalloc.c)
0000:27a1      _fmalloc_
0000:27a1      malloc_
0641:1298+     ___fheapbeg
0641:129a      ___fheapRover
0641:129c      ___LargestSizeB4Rover
Module: C:\WATCOM\lib286\dos\clibl.lib(strcpy.c)
0000:28b2      strcpy_
Module: C:\WATCOM\lib286\dos\clibl.lib(strcspn.c)
0000:28fa      strcspn_
Module: C:\WATCOM\lib286\dos\clibl.lib(fclose.c)
0000:294f      __doclose_
0000:2a0d      __shutdown_stream_
0000:2a24      fclose_
0641:173e+     ___RmTmpFileFn
Module: C:\WATCOM\lib286\dos\clibl.lib(strtok.c)
0000:2a6e+     strtok_r_
0000:2b3f      strtok_
Module: C:\WATCOM\lib286\dos\clibl.lib(fwrite.c)
0000:2b4e      fwrite_
Module: C:\WATCOM\lib286\dos\clibl.lib(fread.c)
0000:2d2f      fread_
Module: C:\WATCOM\lib286\dos\clibl.lib(inp.c)
0000:2ef6      inp_
Module: C:\WATCOM\lib286\dos\clibl.lib(printf.c)
0000:2efe      printf_
Module: C:\WATCOM\lib286\dos\clibl.lib(fseek.c)
0000:2f88      fseek_
Module: C:\WATCOM\lib286\dos\clibl.lib(ftell.c)
0000:30e6      ftell_
Module: C:\WATCOM\lib286\dos\clibl.lib(getch.c)
0000:3142      getch_
Module: C:\WATCOM\lib286\dos\clibl.lib(xmsg.c)
0000:315c*     __exit_with_msg_
0000:315f      __fatal_runtime_error_
Module: C:\WATCOM\lib286\dos\clibl.lib(crwdata)
0641:12a2      __curbrk
0641:12aa      __STACKLOW
0641:12ac      __STACKTOP
0641:12ae      __cbyte
0641:12b0      __child
0641:12b2      __no87
0641:12bf      ___FPE_handler
0641:12a4      __psp
0641:12b3      __get_ovl_stack
0641:12b7      __restore_ovl_stack
0641:12bb      __close_ovl_file
0641:12c3      __LpCmdLine
0641:12c7      __LpPgmName
0641:12a6      __osmajor
0641:12a7      __osminor
0641:12a8      __osmode
0641:12a9      __HShift
Module: C:\WATCOM\lib286\dos\clibl.lib(dointr)
0000:3178      _DoINTR_
Module: C:\WATCOM\lib286\dos\clibl.lib(segread.c)
0000:34ed      segread_
Module: C:\WATCOM\lib286\dos\clibl.lib(initrtns.c)
0000:353f      __InitRtns
0000:3596      __FiniRtns
Module: C:\WATCOM\lib286\dos\clibl.lib(vsprintf.c)
0000:360f      vsprintf_
Module: C:\WATCOM\lib286\dos\clibl.lib(cmain086.c)
0000:3636      __CMain
Module: C:\WATCOM\lib286\dos\clibl.lib(uselfn.c)
0641:12cc      ___uselfn
Module: C:\WATCOM\lib286\dos\clibl.lib(dosseg)
0000:3652      __DOSseg__
Module: C:\WATCOM\lib286\dos\clibl.lib(comtflag.c)
0641:12ce      __commode
Module: C:\WATCOM\lib286\dos\clibl.lib(errno.c)
0000:3653*     __get_errno_ptr_
0641:1740      _errno
Module: C:\WATCOM\lib286\dos\clibl.lib(textmode.c)
0641:12d0      __fmode
Module: C:\WATCOM\lib286\dos\clibl.lib(tolower.c)
0000:365a      tolower_
Module: C:\WATCOM\lib286\dos\clibl.lib(open.c)
0000:3858*     open_
0000:387f      _sopen_
Module: C:\WATCOM\lib286\dos\clibl.lib(chktty.c)
0000:389e      __chktty_
Module: C:\WATCOM\lib286\dos\clibl.lib(freefp.c)
0000:38c9      __freefp_
0000:393e      __purgefp_
Module: C:\WATCOM\lib286\dos\clibl.lib(allocfp.c)
0000:397a      __allocfp_
Module: C:\WATCOM\lib286\dos\clibl.lib(iob.c)
0641:12d2      ___iob
0641:1742      ___OpenStreams
0641:1746      ___ClosedStreams
Module: C:\WATCOM\lib286\dos\clibl.lib(fgetc.c)
0000:3a94      __fill_buffer_
0000:3b80      fgetc_
Module: C:\WATCOM\lib286\dos\clibl.lib(mem.c)
0000:3c30      __MemAllocator
0000:3cf6      __MemFree
Module: C:\WATCOM\lib286\dos\clibl.lib(growseg.c)
0000:3e6d      __GrowSeg_
Module: C:\WATCOM\lib286\dos\clibl.lib(allocseg.c)
0000:3f3c      __AllocSeg_
Module: C:\WATCOM\lib286\dos\clibl.lib(fmemneed.c)
0000:3fdb      __fmemneed_
Module: C:\WATCOM\lib286\dos\clibl.lib(nmalloc.c)
0000:3fde      _nmalloc_
0641:143a      ___nheapbeg
0641:143c      ___MiniHeapRover
0641:143e      ___LargestSizeB4MiniHeapRover
Module: C:\WATCOM\lib286\dos\clibl.lib(heapgrow.c)
0000:40b5*     _heapgrow_
0000:40b5*     _fheapgrow_
0000:40b6      _nheapgrow_
Module: C:\WATCOM\lib286\dos\clibl.lib(setbits.c)
0000:412d      __setbits_
Module: C:\WATCOM\lib286\dos\clibl.lib(bits.c)
0641:02d0      __Bits
Module: C:\WATCOM\lib286\dos\clibl.lib(__lseek.c)
0000:417b      __lseek_
Module: C:\WATCOM\lib286\dos\clibl.lib(_clse.c)
0000:41b9      __close_
Module: C:\WATCOM\lib286\dos\clibl.lib(ffree.c)
0000:41e2      _ffree_
0000:41e2      free_
Module: C:\WATCOM\lib286\dos\clibl.lib(flush.c)
0000:422a      __flush_
0000:435c*     __clib_flush_
Module: C:\WATCOM\lib286\dos\clibl.lib(qwrit.c)
0000:4360      __qwrite_
Module: C:\WATCOM\lib286\dos\clibl.lib(ioalloc.c)
0000:43bc      __ioalloc_
Module: C:\WATCOM\lib286\dos\clibl.lib(memcpy.c)
0000:4454      memcpy_
Module: C:\WATCOM\lib286\dos\clibl.lib(fputc.c)
0000:4476      fputc_
Module: C:\WATCOM\lib286\dos\clibl.lib(qread.c)
0000:4543      __qread_
Module: C:\WATCOM\lib286\dos\clibl.lib(fprtf.c)
0000:457d      __fprtf_
Module: C:\WATCOM\lib286\dos\clibl.lib(lseek.c)
0000:4640      lseek_
Module: C:\WATCOM\lib286\dos\clibl.lib(tell.c)
0000:466b      _tell_
Module: C:\WATCOM\lib286\dos\clibl.lib(fflush.c)
0000:467a      fflush_
Module: C:\WATCOM\lib286\dos\clibl.lib(enterdb.c)
0000:468e      __EnterWVIDEO_
0641:1440+     __WD_Present
Module: C:\WATCOM\lib286\dos\clibl.lib(sgdef086)
0641:1496      __Start_XI
0641:14ae      __End_XI
0641:14ae      __Start_YI
0641:14ba      __End_YI
Module: C:\WATCOM\lib286\dos\clibl.lib(prtf.c)
0000:51f3      __prtf_
Module: C:\WATCOM\lib286\dos\clibl.lib(___argc.c)
0641:174a      ____Argv
0641:174e      ____Argc
Module: C:\WATCOM\lib286\dos\clibl.lib(opendos.c)
0000:5427      _dos_open_
Module: C:\WATCOM\lib286\dos\clibl.lib(iomode.c)
0000:544b      __GetIOMode_
0000:5470      __SetIOMode_
0641:1442      ___NFiles
0641:1444      ___init_mode
0641:146c      ___io_mode
Module: C:\WATCOM\lib286\dos\clibl.lib(isatt.c)
0000:5493      isatty_
Module: C:\WATCOM\lib286\dos\clibl.lib(doserrno.c)
0000:54b9*     __get_doserrno_ptr_
0641:1750      __doserrno
Module: C:\WATCOM\lib286\dos\clibl.lib(umaskval.c)
0641:1470      ___umaskval
Module: C:\WATCOM\lib286\dos\clibl.lib(creatdos.c)
0000:54c0      _dos_creat_
0000:54e2*     _dos_creatnew_
Module: C:\WATCOM\lib286\dos\clibl.lib(stiomode.c)
0000:5501+     __grow_iomode_
0000:55ed      __SetIOMode_grow_
Module: C:\WATCOM\lib286\dos\clibl.lib(dosret.c)
0000:5645      __set_errno_dos_
0000:569f*     __set_errno_dos_reterr_
Module: C:\WATCOM\lib286\dos\clibl.lib(initfile.c)
0000:56a9      __InitFiles_
Module: C:\WATCOM\lib286\dos\clibl.lib(ioexit.c)
0000:5800*     fcloseall_
0000:5807      __full_io_exit_
Module: C:\WATCOM\lib286\dos\clibl.lib(flushall.c)
0000:580f      __flushall_
0000:586a      flushall_
Module: C:\WATCOM\lib286\dos\clibl.lib(gtche.c)
0000:5871      getche_
Module: C:\WATCOM\lib286\dos\clibl.lib(heapen.c)
0000:588b*     _heapenable_
0641:1486      ___heap_enabled
Module: C:\WATCOM\lib286\dos\clibl.lib(amblksiz.c)
0641:1488      __amblksiz
Module: C:\WATCOM\lib286\dos\clibl.lib(nmemneed.c)
0000:589c      __nmemneed_
Module: C:\WATCOM\lib286\dos\clibl.lib(grownear.c)
0000:591e      __LastFree_
0000:5996      __ExpandDGROUP_
Module: C:\WATCOM\lib286\dos\clibl.lib(nfree.c)
0000:5a9b      _nfree_
0641:1754+     ___MiniHeapFreeRover
Module: C:\WATCOM\lib286\dos\clibl.lib(fsync.c)
0000:5b98      fsync_
Module: C:\WATCOM\lib286\dos\clibl.lib(wctomb.c)
0000:5b9d      wctomb_
Module: C:\WATCOM\lib286\dos\clibl.lib(itoa.c)
0000:5bc6+     utoa_
0000:5c23      itoa_
Module: C:\WATCOM\lib286\dos\clibl.lib(i4m)
0000:5c48*     __I4M
0000:5c48      __U4M
Module: C:\WATCOM\lib286\dos\clibl.lib(noefgfmt.c)
0641:148a      ___EFG_printf
0641:148e*     ___EFG_scanf
Module: C:\WATCOM\lib286\dos\clibl.lib(lltoa.c)
0000:5c6e      ulltoa_
0000:5d52*     lltoa_
Module: C:\WATCOM\lib286\dos\clibl.lib(strupr.c)
0000:5db4      _strupr_
Module: C:\WATCOM\lib286\dos\clibl.lib(ltoa.c)
0000:5dd6      ultoa_
0000:5e45*     ltoa_
Module: C:\WATCOM\lib286\dos\clibl.lib(mbislead.c)
0000:5e74      _ismbblead_
0641:1756      ___MBCSIsTable
Module: C:\WATCOM\lib286\dos\clibl.lib(doserror)
0000:5e92      __doserror_
0000:5e9e*     __doserror1_
Module: C:\WATCOM\lib286\dos\clibl.lib(frealloc.c)
0000:5ea8*     _frealloc_
0000:5ea8      realloc_
Module: C:\WATCOM\lib286\dos\clibl.lib(iomodtty.c)
0000:5f6c      __ChkTTYIOMode_
Module: C:\WATCOM\lib286\dos\clibl.lib(sbrk.c)
0000:5faa      __brk_
0000:600f*     sbrk_
Module: C:\WATCOM\lib286\dos\clibl.lib(filedos.c)
0000:601f*     _dos_close_
0000:602b      _dos_commit_
Module: C:\WATCOM\lib286\dos\clibl.lib(alphabet.c)
0641:02d8      ___Alphabet
Module: C:\WATCOM\lib286\dos\clibl.lib(mbinit.c)
0000:60a0      __mbinit_
0641:1492+     ___MBCodePage
Module: C:\WATCOM\lib286\dos\clibl.lib(fmsize.c)
0000:611d*     _msize_
0000:611d      _fmsize_
Module: C:\WATCOM\lib286\dos\clibl.lib(nexpand.c)
0000:612e      _nexpand_
Module: C:\WATCOM\lib286\dos\clibl.lib(fmemcpy.c)
0000:617e      _fmemcpy_
Module: C:\WATCOM\lib286\dos\clibl.lib(fexpand.c)
0000:61a3      _fexpand_
0000:61a3*     _expand_
Module: C:\WATCOM\lib286\dos\clibl.lib(mbisdbcs.c)
0641:1494      ___IsDBCS
Module: C:\WATCOM\lib286\dos\clibl.lib(getltdos.c)
0000:61d8      dos_get_dbcs_lead_table_
Module: C:\WATCOM\lib286\dos\clibl.lib(getcpdos.c)
0000:6201      dos_get_code_page_
Module: C:\WATCOM\lib286\dos\clibl.lib(_expand.c)
0000:6211      __HeapManager_expand_
Module: C:\WATCOM\lib286\dos\clibl.lib(bexpand.c)
0000:6391      _bexpand_
Module: C:\WATCOM\lib286\dos\clibl.lib(bfree.c)
0000:63ea      _bfree_


                        +--------------------+
                        |   Libraries Used   |
                        +--------------------+

C:\WATCOM\lib286\dos\clibl.lib


                        +-----------------------+
                        |   Linker Statistics   |
                        +-----------------------+

Stack size:  0800 (2048.)
Memory size:  8470 (33904.)
Entry point address: 0000:20b2
Link time: 00:00.06
