Open Watcom Linker Version 2.0 beta Jan 23 2026 02:58:42 (64-bit)
Copyright (c) 2002-2026 The Open Watcom Contributors. All Rights Reserved.
Portions Copyright (c) 1985-2002 Sybase, Inc. All Rights Reserved.
Created on:       26/06/02 11:50:24
Warning! W1027: file ./build/gamelogic.obj(c:\code\DontShitYourPants\gamelogic.c): redefinition of _Awards ignored
Warning! W1027: file ./build/tunes.obj(c:\code\DontShitYourPants\tunes.c): redefinition of _Awards ignored
Warning! W1027: file ./build/states.obj(c:\code\DontShitYourPants\states.c): redefinition of _Awards ignored
Warning! W1027: file ./build/gfx.obj(c:\code\DontShitYourPants\gfx.c): redefinition of _Awards ignored
Warning! W1027: file ./build/gfx.obj(c:\code\DontShitYourPants\gfx.c): redefinition of _text_mem ignored
Executable Image: dontshit.exe
creating a DOS executable


                        +------------+
                        |   Groups   |
                        +------------+

Group                           Address              Size
=====                           =======              ====

DGROUP                          0827:0000            00002b00



                        +--------------+
                        |   Segments   |
                        +--------------+

Segment                Class          Group          Address         Size
=======                =====          =====          =======         ====

main_TEXT              CODE           AUTO           0000:0000       00000270
gamelogic_TEXT         CODE           AUTO           0000:0270       000010b6
tunes_TEXT             CODE           AUTO           0000:1326       00000192
states_TEXT            CODE           AUTO           0000:14b8       00000000
gfx_TEXT               CODE           AUTO           0000:14b8       00001020
raster_TEXT            CODE           AUTO           0000:24d8       0000005d
LZ4_8088_TEXT          CODE           AUTO           0000:2536       000001d4
_TEXT                  CODE           AUTO           0000:2710       00005b5b
FAR_DATA               FAR_DATA       AUTO           0826:000b       00000000
_NULL                  BEGDATA        DGROUP         0827:0000       00000020
_AFTERNULL             BEGDATA        DGROUP         0829:0000       00000002
CONST                  DATA           DGROUP         0829:0002       00000394
CONST2                 DATA           DGROUP         0862:0006       0000002d
_DATA                  DATA           DGROUP         0865:0004       00001a80
XIB                    DATA           DGROUP         0a0d:0004       00000000
XI                     DATA           DGROUP         0a0d:0004       0000001e
XIE                    DATA           DGROUP         0a0f:0002       00000000
YIB                    DATA           DGROUP         0a0f:0002       00000000
YI                     DATA           DGROUP         0a0f:0002       00000012
YIE                    DATA           DGROUP         0a10:0004       00000000
DATA                   DATA           DGROUP         0a10:0004       00000000
_BSS                   BSS            DGROUP         0a10:0004       0000046a
STACK                  STACK          DGROUP         0a57:0000       00000800


                        +----------------+
                        |   Memory Map   |
                        +----------------+

* = unreferenced symbol
+ = symbol only referenced locally

Address        Symbol
=======        ======

Module: ./build/main.obj(c:\code\DontShitYourPants\main.c)
0000:0000      Frontend_Exit_
0000:003d      main_
0827:03e4      _text_mem
0827:03e8+     _SecondCount
0827:1e94+     _InputBuff
0827:1ef8+     _OutputBuff
0827:1f5c      _Awards
0827:1f60+     _TimeBuf
Module: ./build/gamelogic.obj(c:\code\DontShitYourPants\gamelogic.c)
0000:0270+     FindString_
0000:02fc+     FindVerb_
0000:03f3+     LoadVerbs_
0000:0814      EnterState_
0000:087d+     DrawAward_
0000:0948+     SaveAwards_
0000:09cb+     LoadAwards_
0000:0aa8+     RunAction_
0000:10cf+     RunVerb_
0000:122e      Gamelogic_Init_
0000:1253      GameLogic_TextInput_
0000:1286      Gamelogic_SecondTick_
0827:03ea+     _firstverb
0827:03ee+     _GameStrings
0827:03f2+     _pillstaken
0827:03f3      _Countdown
0827:03f5+     _PillCountdown
0827:03f7+     _FartCount
0827:03f9+     _endingcount
0827:03ff+     _OldAwards
0827:0403+     _EndingLog
0827:0407+     _filter
0827:040a      _CurrState
0827:1f7e+     _buffage
Module: ./build/tunes.obj(c:\code\DontShitYourPants\tunes.c)
0000:1326+     note_
0000:13ad+     nosound_
0000:13df      Music_Task_
0000:1479      PlaySound_
0827:040e+     _NoteTable
0827:060e+     _SONG_INTRO
0827:065a+     _SONG_SUCCESS
0827:069a+     _SONG_FAILURE
0827:06b6+     _SONG_AWARD
0827:06ce+     _SONG_ALLSHOOKUP
0827:06e2      _JukeBox
0827:06f6      _MSPerFrame
0827:06f8+     _MSCounter
0827:1fa6+     _CurrNote
Module: ./build/states.obj(c:\code\DontShitYourPants\states.c)
0827:06fc+     _ACTIONS_MENU
0827:07b4+     _ACTIONS_AWARDS
0827:07ec+     _ACTIONS_AWARDS2
0827:0824+     _ACTIONS_CREDITS
0827:085c+     _ACTIONS_STANDING
0827:094c+     _ACTIONS_STANDINGPANTSOFF
0827:0a44+     _ACTIONS_DOOROPEN
0827:0b3c+     _ACTIONS_DOOROPENPANTSOFF
0827:0c3c+     _ACTIONS_ONTOILET
0827:0d24+     _ACTIONS_ONTOILETPANTSOFF
0827:0e1c+     _ACTIONS_SHITONFLOOR
0827:0e7c+     _ACTIONS_SHITINTOILET
0827:0ed4+     _ACTIONS_SHITPANTSSTANDING
0827:0f2c+     _ACTIONS_SHITINPANTSSITTING
0827:0f84+     _ACTIONS_BREAKPANTSON
0827:0fdc+     _ACTIONS_BREAKPANTSOFF
0827:102c+     _ACTIONS_FARTPANTSON
0827:107c+     _ACTIONS_FARTPANTSOFF
0827:10cc+     _ACTIONS_DIEPANTSON
0827:1124+     _ACTIONS_DIEPANTSOFF
0827:117c+     _ACTIONS_DIEPANTSONSITTING
0827:11d4+     _ACTIONS_DIEPANTSOFFSITTING
0827:122c+     _ACTIONS_DONTSHITPANTSON
0827:1284+     _ACTIONS_DONTSHITPANTSOFF
0827:12dc+     _ACTIONS_DONTSHITPANTSONSITTING
0827:1334+     _ACTIONS_DONTSHITPANTSOFFSITTING
0827:138c+     _ACTIONS_PILLSSTANDINGPANTSON1
0827:13d4+     _ACTIONS_PILLSSTANDINGPANTSON2
0827:1414+     _ACTIONS_PILLSSTANDINGPANTSON3
0827:1474+     _ACTIONS_PILLSSTANDINGPANTSOFF1
0827:14bc+     _ACTIONS_PILLSSTANDINGPANTSOFF2
0827:14fc+     _ACTIONS_PILLSSTANDINGPANTSOFF3
0827:155c+     _ACTIONS_PILLSSITTINGPANTSON1
0827:15a4+     _ACTIONS_PILLSSITTINGPANTSON2
0827:15e4+     _ACTIONS_PILLSSITTINGPANTSON3
0827:1644+     _ACTIONS_PILLSSITTINGPANTSOFF1
0827:168c+     _ACTIONS_PILLSSITTINGPANTSOFF2
0827:16cc+     _ACTIONS_PILLSSITTINGPANTSOFF3
0827:1734+     _ACTIONS_TIMEOVERSTANDINGPANTSON
0827:178c+     _ACTIONS_TIMEOVERSTANDINGPANTSOFF
0827:17e4+     _ACTIONS_TIMEOVERSITTINGPANTSON
0827:183c+     _ACTIONS_TIMEOVERSITTINGPANTSOFF
0827:1894+     _ACTIONS_STARTINGGUN
0827:18ec+     _ACTIONS_SHITINPANTSWHILEOFF
0827:1944+     _ACTIONS_FARTPANTSONSITTING
0827:1994+     _ACTIONS_SHITONBATHROOMFLOOR
0827:19ec+     _ACTIONS_ELVIS
0827:1a44      _ACTIONS_GLOBAL
0827:1ae4      _GameStates
Module: ./build/gfx.obj(c:\code\DontShitYourPants\gfx.c)
0827:1fb2+     _Graphics
0827:2192+     _keybuf
0827:21b2+     _DrawPoint
0827:21b6+     _ega_switches
0827:21ba      _inb
0827:21be      _outb
0827:21c6+     _GFXVerticalLines
0827:21c8+     _TextVerticalLines
0827:21ca+     _TextVerticalHeight
0827:21cc      _TextLine
0827:21ce      _SplitAtLine
0827:21d0      _AboveSplitMode
0000:14b8+     DisableBlink_
0000:14fb+     Set_CGA_Register_
0000:1551+     set_160x100_mode_cga_
0000:15b1+     set_160x100_mode_ega200_
0000:161c+     set_160x100_mode_ega350_
0000:1666+     set_160x100_mode_vga_
0000:16b0+     RecalcScreenGeometry_
0000:1863      SetGFXLines_
0000:1890      SetTextLines_
0000:18f1+     SetTextWindowLine_
0000:191a      CGA_Unsplit_
0000:198a      CGA_Resplit_
0000:19cc+     ClearTextWindow_
0000:1a18      DrawChar_
0000:1a6f      DrawTextColor_
0000:1b29+     ClearLine_
0000:1b5e      ClearScreen_
0000:1b91      DisplayText_
0000:1bdc+     Decode_
0000:1c33+     DecodeSprite_
0000:1d6d+     ClearGFX_
0000:1dbc      DisplayGFX_
0000:1e1d      GFX_DrawSprite_
0000:1e73+     enable_cursor_
0000:1ee4      update_cursor_
0000:1f55+     get_cursor_pos_
0000:1fb0+     LoadGFX_
0000:20ee      GFX_DrawScreenSplit_
0000:211d      GFX_Exit_
0000:2175      GFX_Init_
0827:1c08      _CrownX
0827:1c0a      _CrownY
0827:1c0c+     _graphicsmode
0827:1c0e+     _TextAtTop
0827:1c0f+     _GFXLinesPerChar
0827:1c11      _GFXRegisterMode
0827:1c13+     _TextLinesPerChar
0827:1c15+     _GFXVerticalHeight
0827:1c17      _keybuf_head
0827:1c19+     _last_keybyte
0827:21d1      _BelowSplitMode
0827:21d2+     _OldEGASwitches
0827:21d3+     _GFXLine
Module: raster.obj(c:\code\DontShitYourPants\raster.asm)
0000:24ef      raster_split_nopoll_
0000:24d8      raster_waitvsync_
Module: LZ4_8088.obj(c:\code\DontShitYourPants\LZ4_8088.ASM)
0000:2636      lz4_decompress_
Module: C:\WATCOM\lib286\dos\clibl.lib(stk)
0000:2715      __STK
0000:2735*     __STKOVERFLOW_
Module: C:\WATCOM\lib286\dos\clibl.lib(intx086.c)
0000:2750+     int86x_
0000:27f1      int86_
Module: C:\WATCOM\lib286\dos\clibl.lib(exit.c)
0000:281e+     __null_int23_exit_
0000:281f      exit_
0000:284a*     _exit_
0827:1c1c+     ___int23_exit
0827:1c1e+     ___FPE_handler_exit
Module: C:\WATCOM\lib286\dos\clibl.lib(memset.c)
0000:2863      memset_
Module: C:\WATCOM\lib286\dos\clibl.lib(sprintf.c)
0000:287a      sprintf_
Module: C:\WATCOM\lib286\dos\clibl.lib(kbhit.c)
0000:289b      kbhit_
Module: C:\WATCOM\lib286\dos\clibl.lib(getch.c)
0000:28b6      getch_
Module: C:\WATCOM\lib286\dos\clibl.lib(strlen.c)
0000:28d0      strlen_
Module: C:\WATCOM\lib286\dos\clibl.lib(cstart)
0827:0000*     __nullarea
0827:1c20*     __ovlflag
0827:1c21*     __intno
0827:1c22*     __ovlvec
0000:28e6      _cstart_
0000:2a91      __exit_
0000:2aae      __do_exit_with_msg_
0000:2b8b      __GETDS
Module: C:\WATCOM\lib286\dos\clibl.lib(cmodel)
0000:2b96      _big_code_
0000:2b96*     CodeModelMismatch
Module: C:\WATCOM\lib286\dos\clibl.lib(strcmp.c)
0000:2b96      strcmp_
Module: C:\WATCOM\lib286\dos\clibl.lib(fopen.c)
0000:2bbe+     __open_flags_
0000:2da5+     _fsopen_
0000:2e06      fopen_
0000:2eda*     freopen_
Module: C:\WATCOM\lib286\dos\clibl.lib(fgets.c)
0000:2f46      fgets_
Module: C:\WATCOM\lib286\dos\clibl.lib(fmalloc.c)
0000:2fd5      _fmalloc_
0000:2fd5      malloc_
0827:1c26+     ___fheapbeg
0827:1c28      ___fheapRover
0827:1c2a      ___LargestSizeB4Rover
Module: C:\WATCOM\lib286\dos\clibl.lib(strcpy.c)
0000:30e6      strcpy_
Module: C:\WATCOM\lib286\dos\clibl.lib(strcspn.c)
0000:312e      strcspn_
Module: C:\WATCOM\lib286\dos\clibl.lib(fclose.c)
0000:3183      __doclose_
0000:3241      __shutdown_stream_
0000:3258      fclose_
0827:21d4+     ___RmTmpFileFn
Module: C:\WATCOM\lib286\dos\clibl.lib(strtok.c)
0000:32a2+     strtok_r_
0000:3373      strtok_
Module: C:\WATCOM\lib286\dos\clibl.lib(fwrite.c)
0000:3382      fwrite_
Module: C:\WATCOM\lib286\dos\clibl.lib(fread.c)
0000:3563      fread_
Module: C:\WATCOM\lib286\dos\clibl.lib(outp.c)
0000:372a      outp_
Module: C:\WATCOM\lib286\dos\clibl.lib(inp.c)
0000:3734      inp_
Module: C:\WATCOM\lib286\dos\clibl.lib(printf.c)
0000:373c      printf_
Module: C:\WATCOM\lib286\dos\clibl.lib(fseek.c)
0000:37c6      fseek_
Module: C:\WATCOM\lib286\dos\clibl.lib(ftell.c)
0000:3924      ftell_
Module: C:\WATCOM\lib286\dos\clibl.lib(system.c)
0000:3980      system_
Module: C:\WATCOM\lib286\dos\clibl.lib(xmsg.c)
0000:39f9*     __exit_with_msg_
0000:39fc      __fatal_runtime_error_
Module: C:\WATCOM\lib286\dos\clibl.lib(crwdata)
0827:1c30      __curbrk
0827:1c38      __STACKLOW
0827:1c3a      __STACKTOP
0827:1c3c      __cbyte
0827:1c3e      __child
0827:1c40      __no87
0827:1c4d      ___FPE_handler
0827:1c32      __psp
0827:1c41      __get_ovl_stack
0827:1c45      __restore_ovl_stack
0827:1c49      __close_ovl_file
0827:1c51      __LpCmdLine
0827:1c55      __LpPgmName
0827:1c34      __osmajor
0827:1c35      __osminor
0827:1c36      __osmode
0827:1c37      __HShift
Module: C:\WATCOM\lib286\dos\clibl.lib(dointr)
0000:3a16      _DoINTR_
Module: C:\WATCOM\lib286\dos\clibl.lib(segread.c)
0000:3d8b      segread_
Module: C:\WATCOM\lib286\dos\clibl.lib(initrtns.c)
0000:3ddd      __InitRtns
0000:3e34      __FiniRtns
Module: C:\WATCOM\lib286\dos\clibl.lib(vsprintf.c)
0000:3ead      vsprintf_
Module: C:\WATCOM\lib286\dos\clibl.lib(cmain086.c)
0000:3ed4      __CMain
Module: C:\WATCOM\lib286\dos\clibl.lib(uselfn.c)
0827:1c5a      ___uselfn
Module: C:\WATCOM\lib286\dos\clibl.lib(dosseg)
0000:3ef0      __DOSseg__
Module: C:\WATCOM\lib286\dos\clibl.lib(comtflag.c)
0827:1c5c      __commode
Module: C:\WATCOM\lib286\dos\clibl.lib(errno.c)
0000:3ef1*     __get_errno_ptr_
0827:21d6      _errno
Module: C:\WATCOM\lib286\dos\clibl.lib(textmode.c)
0827:1c5e      __fmode
Module: C:\WATCOM\lib286\dos\clibl.lib(tolower.c)
0000:3ef8      tolower_
Module: C:\WATCOM\lib286\dos\clibl.lib(open.c)
0000:40f6*     open_
0000:411d      _sopen_
Module: C:\WATCOM\lib286\dos\clibl.lib(chktty.c)
0000:413c      __chktty_
Module: C:\WATCOM\lib286\dos\clibl.lib(freefp.c)
0000:4167      __freefp_
0000:41dc      __purgefp_
Module: C:\WATCOM\lib286\dos\clibl.lib(allocfp.c)
0000:4218      __allocfp_
Module: C:\WATCOM\lib286\dos\clibl.lib(iob.c)
0827:1c60      ___iob
0827:21d8      ___OpenStreams
0827:21dc      ___ClosedStreams
Module: C:\WATCOM\lib286\dos\clibl.lib(fgetc.c)
0000:4332      __fill_buffer_
0000:441e      fgetc_
Module: C:\WATCOM\lib286\dos\clibl.lib(mem.c)
0000:44d0      __MemAllocator
0000:4596      __MemFree
Module: C:\WATCOM\lib286\dos\clibl.lib(growseg.c)
0000:470d      __GrowSeg_
Module: C:\WATCOM\lib286\dos\clibl.lib(allocseg.c)
0000:47dc      __AllocSeg_
Module: C:\WATCOM\lib286\dos\clibl.lib(fmemneed.c)
0000:487b      __fmemneed_
Module: C:\WATCOM\lib286\dos\clibl.lib(nmalloc.c)
0000:487e      _nmalloc_
0827:1dc8      ___nheapbeg
0827:1dca      ___MiniHeapRover
0827:1dcc      ___LargestSizeB4MiniHeapRover
Module: C:\WATCOM\lib286\dos\clibl.lib(heapgrow.c)
0000:4955*     _heapgrow_
0000:4955*     _fheapgrow_
0000:4956      _nheapgrow_
Module: C:\WATCOM\lib286\dos\clibl.lib(setbits.c)
0000:49cd      __setbits_
Module: C:\WATCOM\lib286\dos\clibl.lib(bits.c)
0827:03b6      __Bits
Module: C:\WATCOM\lib286\dos\clibl.lib(__lseek.c)
0000:4a1b      __lseek_
Module: C:\WATCOM\lib286\dos\clibl.lib(_clse.c)
0000:4a59      __close_
Module: C:\WATCOM\lib286\dos\clibl.lib(ffree.c)
0000:4a82      _ffree_
0000:4a82      free_
Module: C:\WATCOM\lib286\dos\clibl.lib(flush.c)
0000:4aca      __flush_
0000:4bfc*     __clib_flush_
Module: C:\WATCOM\lib286\dos\clibl.lib(qwrit.c)
0000:4c00      __qwrite_
Module: C:\WATCOM\lib286\dos\clibl.lib(ioalloc.c)
0000:4c5c      __ioalloc_
Module: C:\WATCOM\lib286\dos\clibl.lib(memcpy.c)
0000:4cf4      memcpy_
Module: C:\WATCOM\lib286\dos\clibl.lib(fputc.c)
0000:4d16      fputc_
Module: C:\WATCOM\lib286\dos\clibl.lib(qread.c)
0000:4de3      __qread_
Module: C:\WATCOM\lib286\dos\clibl.lib(fprtf.c)
0000:4e1d      __fprtf_
Module: C:\WATCOM\lib286\dos\clibl.lib(lseek.c)
0000:4ee0      lseek_
Module: C:\WATCOM\lib286\dos\clibl.lib(tell.c)
0000:4f0b      _tell_
Module: C:\WATCOM\lib286\dos\clibl.lib(fflush.c)
0000:4f1a      fflush_
Module: C:\WATCOM\lib286\dos\clibl.lib(getenv.c)
0000:4f2e      getenv_
Module: C:\WATCOM\lib286\dos\clibl.lib(_slashc.c)
0000:4ffd      __Slash_C_
Module: C:\WATCOM\lib286\dos\clibl.lib(splp.c)
0000:5020      spawnlp_
Module: C:\WATCOM\lib286\dos\clibl.lib(enterdb.c)
0000:503e      __EnterWVIDEO_
0827:1dce+     __WD_Present
Module: C:\WATCOM\lib286\dos\clibl.lib(sgdef086)
0827:1e64      __Start_XI
0827:1e82      __End_XI
0827:1e82      __Start_YI
0827:1e94      __End_YI
Module: C:\WATCOM\lib286\dos\clibl.lib(prtf.c)
0000:5ba3      __prtf_
Module: C:\WATCOM\lib286\dos\clibl.lib(___argc.c)
0827:21e0      ____Argv
0827:21e4      ____Argc
Module: C:\WATCOM\lib286\dos\clibl.lib(opendos.c)
0000:5dd7      _dos_open_
Module: C:\WATCOM\lib286\dos\clibl.lib(iomode.c)
0000:5dfb      __GetIOMode_
0000:5e20      __SetIOMode_
0827:1dd0      ___NFiles
0827:1dd2      ___init_mode
0827:1dfa      ___io_mode
Module: C:\WATCOM\lib286\dos\clibl.lib(isatt.c)
0000:5e43      isatty_
Module: C:\WATCOM\lib286\dos\clibl.lib(doserrno.c)
0000:5e69*     __get_doserrno_ptr_
0827:21e6      __doserrno
Module: C:\WATCOM\lib286\dos\clibl.lib(umaskval.c)
0827:1dfe      ___umaskval
Module: C:\WATCOM\lib286\dos\clibl.lib(creatdos.c)
0000:5e70      _dos_creat_
0000:5e92*     _dos_creatnew_
Module: C:\WATCOM\lib286\dos\clibl.lib(stiomode.c)
0000:5eb1+     __grow_iomode_
0000:5f9d      __SetIOMode_grow_
Module: C:\WATCOM\lib286\dos\clibl.lib(dosret.c)
0000:5ff5      __set_errno_dos_
0000:604f*     __set_errno_dos_reterr_
Module: C:\WATCOM\lib286\dos\clibl.lib(initfile.c)
0000:6059      __InitFiles_
Module: C:\WATCOM\lib286\dos\clibl.lib(ioexit.c)
0000:61b0*     fcloseall_
0000:61b7      __full_io_exit_
Module: C:\WATCOM\lib286\dos\clibl.lib(flushall.c)
0000:61bf      __flushall_
0000:621a      flushall_
Module: C:\WATCOM\lib286\dos\clibl.lib(gtche.c)
0000:6221      getche_
Module: C:\WATCOM\lib286\dos\clibl.lib(heapen.c)
0000:623b*     _heapenable_
0827:1e14      ___heap_enabled
Module: C:\WATCOM\lib286\dos\clibl.lib(amblksiz.c)
0827:1e16      __amblksiz
Module: C:\WATCOM\lib286\dos\clibl.lib(nmemneed.c)
0000:624c      __nmemneed_
Module: C:\WATCOM\lib286\dos\clibl.lib(grownear.c)
0000:62ce      __LastFree_
0000:6346      __ExpandDGROUP_
Module: C:\WATCOM\lib286\dos\clibl.lib(nfree.c)
0000:644b      _nfree_
0827:21ea+     ___MiniHeapFreeRover
Module: C:\WATCOM\lib286\dos\clibl.lib(fsync.c)
0000:6548      fsync_
Module: C:\WATCOM\lib286\dos\clibl.lib(environ.c)
0827:21ec      ___env_mask
0827:21f0      _environ
0827:21f4      __wenviron
Module: C:\WATCOM\lib286\dos\clibl.lib(mbterm.c)
0000:654d      _mbterm_
Module: C:\WATCOM\lib286\dos\clibl.lib(mbsnextc.c)
0000:6579      _mbsnextc_
Module: C:\WATCOM\lib286\dos\clibl.lib(mbcupper.c)
0000:659e      _mbctoupper_
Module: C:\WATCOM\lib286\dos\clibl.lib(mbsinc.c)
0000:65c1      _mbsinc_
Module: C:\WATCOM\lib286\dos\clibl.lib(spvp.c)
0000:65e5      spawnvp_
Module: C:\WATCOM\lib286\dos\clibl.lib(wctomb.c)
0000:6606      wctomb_
Module: C:\WATCOM\lib286\dos\clibl.lib(itoa.c)
0000:662f+     utoa_
0000:668c      itoa_
Module: C:\WATCOM\lib286\dos\clibl.lib(i4m)
0000:66b0*     __I4M
0000:66b0      __U4M
Module: C:\WATCOM\lib286\dos\clibl.lib(noefgfmt.c)
0827:1e18      ___EFG_printf
0827:1e1c*     ___EFG_scanf
Module: C:\WATCOM\lib286\dos\clibl.lib(lltoa.c)
0000:66d6      ulltoa_
0000:67ba*     lltoa_
Module: C:\WATCOM\lib286\dos\clibl.lib(strupr.c)
0000:681c      _strupr_
Module: C:\WATCOM\lib286\dos\clibl.lib(ltoa.c)
0000:683e      ultoa_
0000:68ad*     ltoa_
Module: C:\WATCOM\lib286\dos\clibl.lib(mbislead.c)
0000:68dc      _ismbblead_
0827:21f8      ___MBCSIsTable
Module: C:\WATCOM\lib286\dos\clibl.lib(doserror)
0000:68fa      __doserror_
0000:6906*     __doserror1_
Module: C:\WATCOM\lib286\dos\clibl.lib(frealloc.c)
0000:6910*     _frealloc_
0000:6910      realloc_
Module: C:\WATCOM\lib286\dos\clibl.lib(iomodtty.c)
0000:69d4      __ChkTTYIOMode_
Module: C:\WATCOM\lib286\dos\clibl.lib(sbrk.c)
0000:6a12      __brk_
0000:6a77*     sbrk_
Module: C:\WATCOM\lib286\dos\clibl.lib(filedos.c)
0000:6a87*     _dos_close_
0000:6a93      _dos_commit_
Module: C:\WATCOM\lib286\dos\clibl.lib(setenvp.c)
0000:6abe      __setenvp_
0000:6bbf      __freeenvp_
Module: C:\WATCOM\lib286\dos\clibl.lib(mbinit.c)
0000:6cab      __mbinit_
0827:1e20      ___MBCodePage
Module: C:\WATCOM\lib286\dos\clibl.lib(mbdtoupp.c)
0000:6d28      _mbdtoupper_
Module: C:\WATCOM\lib286\dos\clibl.lib(toupper.c)
0000:6d36      toupper_
Module: C:\WATCOM\lib286\dos\clibl.lib(spvpe.c)
0000:6d44      spawnvpe_
Module: C:\WATCOM\lib286\dos\clibl.lib(alphabet.c)
0827:03be      ___Alphabet
Module: C:\WATCOM\lib286\dos\clibl.lib(fmsize.c)
0000:6eab*     _msize_
0000:6eab      _fmsize_
Module: C:\WATCOM\lib286\dos\clibl.lib(nexpand.c)
0000:6ebc      _nexpand_
Module: C:\WATCOM\lib286\dos\clibl.lib(fmemcpy.c)
0000:6f0c      _fmemcpy_
Module: C:\WATCOM\lib286\dos\clibl.lib(fexpand.c)
0000:6f31      _fexpand_
0000:6f31*     _expand_
Module: C:\WATCOM\lib286\dos\clibl.lib(clearenv.c)
0000:6f66      clearenv_
Module: C:\WATCOM\lib286\dos\clibl.lib(mbisdbcs.c)
0827:1e22      ___IsDBCS
Module: C:\WATCOM\lib286\dos\clibl.lib(getltdos.c)
0000:70af      dos_get_dbcs_lead_table_
Module: C:\WATCOM\lib286\dos\clibl.lib(getcpdos.c)
0000:70d8      dos_get_code_page_
Module: C:\WATCOM\lib286\dos\clibl.lib(spve.c)
0000:714b      spawnve_
Module: C:\WATCOM\lib286\dos\clibl.lib(strchr.c)
0000:75ab      strchr_
Module: C:\WATCOM\lib286\dos\clibl.lib(_expand.c)
0000:75cd      __HeapManager_expand_
Module: C:\WATCOM\lib286\dos\clibl.lib(bexpand.c)
0000:774d      _bexpand_
Module: C:\WATCOM\lib286\dos\clibl.lib(finddos.c)
0000:77a6      _dos_findfirst_
0000:77d7*     _dos_findnext_
0000:77e8*     _dos_findclose_
Module: C:\WATCOM\lib286\dos\clibl.lib(cenvarg.c)
0000:7805      __cenvarg_
0000:7a0b      __ccmdline_
Module: C:\WATCOM\lib286\dos\clibl.lib(dospawn)
0000:7a9c      ___dospawn
Module: C:\WATCOM\lib286\dos\clibl.lib(execaddr.c)
0000:7b82      __execaddr_
0827:1e5c+     ___Exec_addr
Module: C:\WATCOM\lib286\dos\clibl.lib(stack086.c)
0000:7b8f      stackavail_
Module: C:\WATCOM\lib286\dos\clibl.lib(split2.c)
0000:7c1d      _splitpath2_
Module: C:\WATCOM\lib286\dos\clibl.lib(save8087.c)
0827:1e60      ___Save8087
0827:1e62      ___Rest8087
Module: C:\WATCOM\lib286\dos\clibl.lib(dosmem)
0000:7dd0      _dos_allocmem_
0000:7df0      _dos_freemem_
0000:7dfc*     _dos_setblock_
Module: C:\WATCOM\lib286\dos\clibl.lib(makepath.c)
0000:7e2d      _makepath_
Module: C:\WATCOM\lib286\dos\clibl.lib(stricmp.c)
0000:802b      _stricmp_
Module: C:\WATCOM\lib286\dos\clibl.lib(spl.c)
0000:8066      spawnl_
Module: C:\WATCOM\lib286\dos\clibl.lib(bfree.c)
0000:8091      _bfree_
Module: C:\WATCOM\lib286\dos\clibl.lib(mbsnccnt.c)
0000:80b6      _mbsnccnt_
Module: C:\WATCOM\lib286\dos\clibl.lib(mbsncpy.c)
0000:80ea      _mbsncpy_
Module: C:\WATCOM\lib286\dos\clibl.lib(mbsnbcnt.c)
0000:8120      _mbsnbcnt_
Module: C:\WATCOM\lib286\dos\clibl.lib(mbconv.c)
0000:8177      _mbvtop_
Module: C:\WATCOM\lib286\dos\clibl.lib(mbclen.c)
0000:818c      _mbclen_
Module: C:\WATCOM\lib286\dos\clibl.lib(mbsdec.c)
0000:81a8      _mbsdec_
Module: C:\WATCOM\lib286\dos\clibl.lib(mbsnbcpy.c)
0000:820a      _mbsnbcpy_


                        +--------------------+
                        |   Libraries Used   |
                        +--------------------+

C:\WATCOM\lib286\dos\clibl.lib


                        +-----------------------+
                        |   Linker Statistics   |
                        +-----------------------+

Stack size:  0800 (2048.)
Memory size:  ad70 (44400.)
Entry point address: 0000:28e6
Link time: 00:00.57
