Open Watcom Linker Version 2.0 beta Jan 23 2026 02:58:42 (64-bit)
Copyright (c) 2002-2026 The Open Watcom Contributors. All Rights Reserved.
Portions Copyright (c) 1985-2002 Sybase, Inc. All Rights Reserved.
Created on:       26/02/02 20:12:50
Executable Image: noname.exe
creating a DOS executable
Error! E2028: __STK is an undefined reference
Error! E2028: strcmp_ is an undefined reference
Error! E2028: fopen_ is an undefined reference
Error! E2028: fgets_ is an undefined reference
Error! E2028: malloc_ is an undefined reference
Error! E2028: strlen_ is an undefined reference
Error! E2028: strcpy_ is an undefined reference
Error! E2028: strcspn_ is an undefined reference
Error! E2028: fclose_ is an undefined reference
Error! E2028: strtok_ is an undefined reference
Error! E2028: printf_ is an undefined reference
Error! E2028: _big_code_ is an undefined reference


                        +------------+
                        |   Groups   |
                        +------------+

Group                           Address              Size
=====                           =======              ====

DGROUP                          0072:0008            00000462



                        +--------------+
                        |   Segments   |
                        +--------------+

Segment                Class          Group          Address         Size
=======                =====          =====          =======         ====

data_TEXT              CODE           AUTO           0000:0000       00000728
CONST                  DATA           DGROUP         0072:0008       0000003d
CONST2                 DATA           DGROUP         0076:0006       00000000
_DATA                  DATA           DGROUP         0076:0006       00000424


                        +----------------+
                        |   Memory Map   |
                        +----------------+

* = unreferenced symbol
+ = symbol only referenced locally

Address        Symbol
=======        ======

Module: data.obj(C:\code\DontShitYourPants\data.c)
0072:0046+     _firstverb
0072:004a+     _GameStrings
0072:004e+     _MenuActions
0072:0090+     _StandingActions
0072:011a+     _StandingPantsOffActions
0072:01a4+     _StandingDoorOpenActions
0072:0234+     _StandingDoorOpenPantsOffActions
0072:02c4+     _SittingActions
0072:0348+     _SittingPantsOffActions
0000:0000+     FindString_
0000:008c+     FindVerb_
0000:0172+     LoadVerbs_
0000:0564+     RunAction_
0000:0663+     RunVerb_
0000:06d4+     Gamelogic_Init_
0000:06f5+     GameLogic_TextInput_
0072:03cc+     _ShitOnFloorActions
0072:03e4+     _ShitInToiletActions
0072:03fc+     _ShitPantsStandingActions
0072:0414+     _GameStates
0072:0462+     _filter
0072:0466+     _CurrState
Warning! W1014: stack segment not found
Warning! W1023: no starting address found, using 0000:0000


                        +---------------------------+
                        |   Unresolved References   |
                        +---------------------------+

Undefined Symbol                Referenced by
================                =============

__STK                           data.obj(C:\code\DontShitYourPants\data.c)
strcmp_                         data.obj(C:\code\DontShitYourPants\data.c)
fopen_                          data.obj(C:\code\DontShitYourPants\data.c)
fgets_                          data.obj(C:\code\DontShitYourPants\data.c)
malloc_                         data.obj(C:\code\DontShitYourPants\data.c)
strlen_                         data.obj(C:\code\DontShitYourPants\data.c)
strcpy_                         data.obj(C:\code\DontShitYourPants\data.c)
strcspn_                        data.obj(C:\code\DontShitYourPants\data.c)
fclose_                         data.obj(C:\code\DontShitYourPants\data.c)
strtok_                         data.obj(C:\code\DontShitYourPants\data.c)
printf_                         data.obj(C:\code\DontShitYourPants\data.c)



                        +-----------------------+
                        |   Linker Statistics   |
                        +-----------------------+

Stack size:  1000 (4096.)
Memory size:  0b8a (2954.)
Entry point address: 0000:0000
Link time: 00:00.03
