Open Watcom Linker Version 2.0 beta Jan 23 2026 02:58:42 (64-bit)
Copyright (c) 2002-2026 The Open Watcom Contributors. All Rights Reserved.
Portions Copyright (c) 1985-2002 Sybase, Inc. All Rights Reserved.
Created on:       26/02/04 21:14:21
Executable Image: shitpants.exe
creating a DOS executable


                        +------------+
                        |   Groups   |
                        +------------+

Group                           Address              Size
=====                           =======              ====

DGROUP                          055c:0000            00001410



                        +--------------+
                        |   Segments   |
                        +--------------+

Segment                Class          Group          Address         Size
=======                =====          =====          =======         ====

data_TEXT              CODE           AUTO           0000:0000       000008e6
testtext_TEXT          CODE           AUTO           0000:08e6       00000993
_TEXT                  CODE           AUTO           0000:1280       0000433a
FAR_DATA               FAR_DATA       AUTO           055b:000a       00000000
_NULL                  BEGDATA        DGROUP         055c:0000       00000020
_AFTERNULL             BEGDATA        DGROUP         055e:0000       00000002
CONST                  DATA           DGROUP         055e:0002       00000216
CONST2                 DATA           DGROUP         057f:0008       0000002d
_DATA                  DATA           DGROUP         0582:0006       0000069c
XIB                    DATA           DGROUP         05ec:0002       00000000
XI                     DATA           DGROUP         05ec:0002       00000018
XIE                    DATA           DGROUP         05ed:000a       00000000
YIB                    DATA           DGROUP         05ed:000a       00000000
YI                     DATA           DGROUP         05ed:000a       0000000c
YIE                    DATA           DGROUP         05ee:0006       00000000
DATA                   DATA           DGROUP         05ee:0006       00000000
_BSS                   BSS            DGROUP         05ee:0006       000002df
STACK                  STACK          DGROUP         061d:0000       00000800


                        +----------------+
                        |   Memory Map   |
                        +----------------+

* = unreferenced symbol
+ = symbol only referenced locally

Address        Symbol
=======        ======

Module: data.obj(C:\code\DontShitYourPants\data.c)
055c:0266+     _firstverb
055c:026a+     _GameStrings
055c:026e+     _ACTIONS_MENU
055c:02c2+     _ACTIONS_STANDING
055c:0358+     _ACTIONS_STANDINGPANTSOFF
055c:03e8+     _ACTIONS_DOOROPEN
055c:047e+     _ACTIONS_DOOROPENPANTSOFF
055c:0514+     _ACTIONS_ONTOILET
055c:059e+     _ACTIONS_ONTOILETPANTSOFF
0000:0000+     FindString_
0000:008c+     FindVerb_
0000:0183+     LoadVerbs_
0000:06a4+     RunAction_
0000:0821+     RunVerb_
0000:0892      Gamelogic_Init_
0000:08b3      GameLogic_TextInput_
055c:0628+     _ACTIONS_SHITONFLOOR
055c:0640+     _ACTIONS_SHITINTOILET
055c:0658+     _ACTIONS_SHITPANTSSTANDING
055c:0670+     _ACTIONS_SHITINPANTSSITTING
055c:0688+     _GameStates
055c:06dc+     _filter
055c:06df+     _CurrState
Module: testtext.obj(C:\code\DontShitYourPants\testtext.c)
0000:08e6+     set_160x100_mode_cga_
0000:098e+     set_160x100_mode_ega200_
0000:0a14+     set_160x100_mode_ega_
0000:0a9a+     set_160x100_mode_vga_
0000:0b20+     set_160x100_mode_vga_200_
0000:0b9f+     DrawText_
0000:0c10      DrawTextColor_
0000:0c84+     ClearLine_
0000:0cba      DisplayText_
0000:0cf8+     Decode_
0000:0d73      DisplayGFX_
0000:0dd6+     LoadGFX_
0000:0f1e      main_
055c:06e4+     _text_mem
055c:06e8+     _cga160crtc
055c:06f6      _split_rows
055c:0926+     _DrawPoint
055c:092a+     _Graphics
Module: C:\WATCOM\lib286\dos\clibl.lib(stk)
0000:1285      __STK
0000:12a5*     __STKOVERFLOW_
Module: C:\WATCOM\lib286\dos\clibl.lib(strcmp.c)
0000:12c0      strcmp_
Module: C:\WATCOM\lib286\dos\clibl.lib(fopen.c)
0000:12e8+     __open_flags_
0000:14cf+     _fsopen_
0000:1530      fopen_
0000:1604*     freopen_
Module: C:\WATCOM\lib286\dos\clibl.lib(fgets.c)
0000:1670      fgets_
Module: C:\WATCOM\lib286\dos\clibl.lib(fmalloc.c)
0000:16ff      _fmalloc_
0000:16ff      malloc_
055c:06fa+     ___fheapbeg
055c:06fc      ___fheapRover
055c:06fe      ___LargestSizeB4Rover
Module: C:\WATCOM\lib286\dos\clibl.lib(strlen.c)
0000:1810      strlen_
Module: C:\WATCOM\lib286\dos\clibl.lib(strcpy.c)
0000:1825      strcpy_
Module: C:\WATCOM\lib286\dos\clibl.lib(strcspn.c)
0000:186d      strcspn_
Module: C:\WATCOM\lib286\dos\clibl.lib(fclose.c)
0000:18c2      __doclose_
0000:1980      __shutdown_stream_
0000:1997      fclose_
055c:0aec+     ___RmTmpFileFn
Module: C:\WATCOM\lib286\dos\clibl.lib(strtok.c)
0000:19e1+     strtok_r_
0000:1ab2      strtok_
Module: C:\WATCOM\lib286\dos\clibl.lib(printf.c)
0000:1ac1      printf_
Module: C:\WATCOM\lib286\dos\clibl.lib(cmodel)
0000:1ae0      _big_code_
0000:1ae0*     CodeModelMismatch
Module: C:\WATCOM\lib286\dos\clibl.lib(intx086.c)
0000:1ae0+     int86x_
0000:1b81      int86_
Module: C:\WATCOM\lib286\dos\clibl.lib(outp.c)
0000:1bae      outp_
Module: C:\WATCOM\lib286\dos\clibl.lib(memset.c)
0000:1bb8      memset_
Module: C:\WATCOM\lib286\dos\clibl.lib(exit.c)
0000:1bcf+     __null_int23_exit_
0000:1bd0      exit_
0000:1bfb*     _exit_
055c:0704+     ___int23_exit
055c:0706+     ___FPE_handler_exit
Module: C:\WATCOM\lib286\dos\clibl.lib(fseek.c)
0000:1c7f      fseek_
Module: C:\WATCOM\lib286\dos\clibl.lib(ftell.c)
0000:1ddd      ftell_
Module: C:\WATCOM\lib286\dos\clibl.lib(fread.c)
0000:1e39      fread_
Module: C:\WATCOM\lib286\dos\clibl.lib(getch.c)
0000:2000      getch_
Module: C:\WATCOM\lib286\dos\clibl.lib(kbhit.c)
0000:201a      kbhit_
Module: C:\WATCOM\lib286\dos\clibl.lib(sprintf.c)
0000:2035      sprintf_
Module: C:\WATCOM\lib286\dos\clibl.lib(cstart)
055c:0000*     __nullarea
055c:0708*     __ovlflag
055c:0709*     __intno
055c:070a*     __ovlvec
0000:2056      _cstart_
0000:2201      __exit_
0000:221e      __do_exit_with_msg_
0000:22fb      __GETDS
Module: C:\WATCOM\lib286\dos\clibl.lib(xmsg.c)
0000:2305*     __exit_with_msg_
0000:2308      __fatal_runtime_error_
Module: C:\WATCOM\lib286\dos\clibl.lib(crwdata)
055c:070e      __curbrk
055c:0716      __STACKLOW
055c:0718      __STACKTOP
055c:071a      __cbyte
055c:071c      __child
055c:071e      __no87
055c:072b      ___FPE_handler
055c:0710      __psp
055c:071f      __get_ovl_stack
055c:0723      __restore_ovl_stack
055c:0727      __close_ovl_file
055c:072f      __LpCmdLine
055c:0733      __LpPgmName
055c:0712      __osmajor
055c:0713      __osminor
055c:0714      __osmode
055c:0715      __HShift
Module: C:\WATCOM\lib286\dos\clibl.lib(comtflag.c)
055c:0738      __commode
Module: C:\WATCOM\lib286\dos\clibl.lib(errno.c)
0000:2322*     __get_errno_ptr_
055c:0aee      _errno
Module: C:\WATCOM\lib286\dos\clibl.lib(textmode.c)
055c:073a      __fmode
Module: C:\WATCOM\lib286\dos\clibl.lib(tolower.c)
0000:2329      tolower_
Module: C:\WATCOM\lib286\dos\clibl.lib(open.c)
0000:2527*     open_
0000:254e      _sopen_
Module: C:\WATCOM\lib286\dos\clibl.lib(chktty.c)
0000:256d      __chktty_
Module: C:\WATCOM\lib286\dos\clibl.lib(freefp.c)
0000:2598      __freefp_
0000:260d      __purgefp_
Module: C:\WATCOM\lib286\dos\clibl.lib(allocfp.c)
0000:2649      __allocfp_
Module: C:\WATCOM\lib286\dos\clibl.lib(iob.c)
055c:073c      ___iob
055c:0af0      ___OpenStreams
055c:0af4      ___ClosedStreams
Module: C:\WATCOM\lib286\dos\clibl.lib(fgetc.c)
0000:2763      __fill_buffer_
0000:284f      fgetc_
Module: C:\WATCOM\lib286\dos\clibl.lib(mem.c)
0000:2900      __MemAllocator
0000:29c6      __MemFree
Module: C:\WATCOM\lib286\dos\clibl.lib(growseg.c)
0000:2b3d      __GrowSeg_
Module: C:\WATCOM\lib286\dos\clibl.lib(allocseg.c)
0000:2c0c      __AllocSeg_
Module: C:\WATCOM\lib286\dos\clibl.lib(fmemneed.c)
0000:2cab      __fmemneed_
Module: C:\WATCOM\lib286\dos\clibl.lib(nmalloc.c)
0000:2cae      _nmalloc_
055c:08a4      ___nheapbeg
055c:08a6      ___MiniHeapRover
055c:08a8      ___LargestSizeB4MiniHeapRover
Module: C:\WATCOM\lib286\dos\clibl.lib(heapgrow.c)
0000:2d85*     _heapgrow_
0000:2d85*     _fheapgrow_
0000:2d86      _nheapgrow_
Module: C:\WATCOM\lib286\dos\clibl.lib(setbits.c)
0000:2dfd      __setbits_
Module: C:\WATCOM\lib286\dos\clibl.lib(bits.c)
055c:0238      __Bits
Module: C:\WATCOM\lib286\dos\clibl.lib(__lseek.c)
0000:2e4b      __lseek_
Module: C:\WATCOM\lib286\dos\clibl.lib(_clse.c)
0000:2e89      __close_
Module: C:\WATCOM\lib286\dos\clibl.lib(ffree.c)
0000:2eb2      _ffree_
0000:2eb2      free_
Module: C:\WATCOM\lib286\dos\clibl.lib(flush.c)
0000:2efa      __flush_
0000:302c*     __clib_flush_
Module: C:\WATCOM\lib286\dos\clibl.lib(fprtf.c)
0000:304c      __fprtf_
Module: C:\WATCOM\lib286\dos\clibl.lib(dointr)
0000:3110      _DoINTR_
Module: C:\WATCOM\lib286\dos\clibl.lib(segread.c)
0000:3485      segread_
Module: C:\WATCOM\lib286\dos\clibl.lib(initrtns.c)
0000:34d7      __InitRtns
0000:352e      __FiniRtns
Module: C:\WATCOM\lib286\dos\clibl.lib(lseek.c)
0000:358e      lseek_
Module: C:\WATCOM\lib286\dos\clibl.lib(tell.c)
0000:35b9      _tell_
Module: C:\WATCOM\lib286\dos\clibl.lib(fflush.c)
0000:35c8      fflush_
Module: C:\WATCOM\lib286\dos\clibl.lib(memcpy.c)
0000:35dc      memcpy_
Module: C:\WATCOM\lib286\dos\clibl.lib(qread.c)
0000:35fe      __qread_
Module: C:\WATCOM\lib286\dos\clibl.lib(ioalloc.c)
0000:361c      __ioalloc_
Module: C:\WATCOM\lib286\dos\clibl.lib(vsprintf.c)
0000:36cd      vsprintf_
Module: C:\WATCOM\lib286\dos\clibl.lib(cmain086.c)
0000:36f4      __CMain
Module: C:\WATCOM\lib286\dos\clibl.lib(uselfn.c)
055c:08aa      ___uselfn
Module: C:\WATCOM\lib286\dos\clibl.lib(dosseg)
0000:3710      __DOSseg__
Module: C:\WATCOM\lib286\dos\clibl.lib(enterdb.c)
0000:3711      __EnterWVIDEO_
055c:08ac+     __WD_Present
Module: C:\WATCOM\lib286\dos\clibl.lib(opendos.c)
0000:3735      _dos_open_
Module: C:\WATCOM\lib286\dos\clibl.lib(iomode.c)
0000:3759      __GetIOMode_
0000:377e      __SetIOMode_
055c:08ae      ___NFiles
055c:08b0      ___init_mode
055c:08d8      ___io_mode
Module: C:\WATCOM\lib286\dos\clibl.lib(isatt.c)
0000:37a1      isatty_
Module: C:\WATCOM\lib286\dos\clibl.lib(doserrno.c)
0000:37c7*     __get_doserrno_ptr_
055c:0af8      __doserrno
Module: C:\WATCOM\lib286\dos\clibl.lib(umaskval.c)
055c:08dc      ___umaskval
Module: C:\WATCOM\lib286\dos\clibl.lib(creatdos.c)
0000:37ce      _dos_creat_
0000:37f0*     _dos_creatnew_
Module: C:\WATCOM\lib286\dos\clibl.lib(stiomode.c)
0000:380f+     __grow_iomode_
0000:38fb      __SetIOMode_grow_
Module: C:\WATCOM\lib286\dos\clibl.lib(dosret.c)
0000:3953      __set_errno_dos_
0000:39ad*     __set_errno_dos_reterr_
Module: C:\WATCOM\lib286\dos\clibl.lib(initfile.c)
0000:39b7      __InitFiles_
Module: C:\WATCOM\lib286\dos\clibl.lib(ioexit.c)
0000:3b0e*     fcloseall_
0000:3b15      __full_io_exit_
Module: C:\WATCOM\lib286\dos\clibl.lib(flushall.c)
0000:3b1d      __flushall_
0000:3b78      flushall_
Module: C:\WATCOM\lib286\dos\clibl.lib(gtche.c)
0000:3b7f      getche_
Module: C:\WATCOM\lib286\dos\clibl.lib(heapen.c)
0000:3b99*     _heapenable_
055c:08f2      ___heap_enabled
Module: C:\WATCOM\lib286\dos\clibl.lib(amblksiz.c)
055c:08f4      __amblksiz
Module: C:\WATCOM\lib286\dos\clibl.lib(nmemneed.c)
0000:3baa      __nmemneed_
Module: C:\WATCOM\lib286\dos\clibl.lib(grownear.c)
0000:3c2c      __LastFree_
0000:3ca4      __ExpandDGROUP_
Module: C:\WATCOM\lib286\dos\clibl.lib(nfree.c)
0000:3da9      _nfree_
055c:0afc+     ___MiniHeapFreeRover
Module: C:\WATCOM\lib286\dos\clibl.lib(qwrit.c)
0000:3ea6      __qwrite_
Module: C:\WATCOM\lib286\dos\clibl.lib(fsync.c)
0000:3f02      fsync_
Module: C:\WATCOM\lib286\dos\clibl.lib(fputc.c)
0000:3f07      fputc_
Module: C:\WATCOM\lib286\dos\clibl.lib(prtf.c)
0000:4b15      __prtf_
Module: C:\WATCOM\lib286\dos\clibl.lib(sgdef086)
055c:0902      __Start_XI
055c:091a      __End_XI
055c:091a      __Start_YI
055c:0926      __End_YI
Module: C:\WATCOM\lib286\dos\clibl.lib(___argc.c)
055c:0afe      ____Argv
055c:0b02      ____Argc
Module: C:\WATCOM\lib286\dos\clibl.lib(doserror)
0000:4d4a      __doserror_
0000:4d56*     __doserror1_
Module: C:\WATCOM\lib286\dos\clibl.lib(frealloc.c)
0000:4d60*     _frealloc_
0000:4d60      realloc_
Module: C:\WATCOM\lib286\dos\clibl.lib(iomodtty.c)
0000:4e24      __ChkTTYIOMode_
Module: C:\WATCOM\lib286\dos\clibl.lib(sbrk.c)
0000:4e62      __brk_
0000:4ec7*     sbrk_
Module: C:\WATCOM\lib286\dos\clibl.lib(filedos.c)
0000:4ed7*     _dos_close_
0000:4ee3      _dos_commit_
Module: C:\WATCOM\lib286\dos\clibl.lib(wctomb.c)
0000:4ef0      wctomb_
Module: C:\WATCOM\lib286\dos\clibl.lib(itoa.c)
0000:4f19+     utoa_
0000:4f76      itoa_
Module: C:\WATCOM\lib286\dos\clibl.lib(i4m)
0000:4f9a*     __I4M
0000:4f9a      __U4M
Module: C:\WATCOM\lib286\dos\clibl.lib(noefgfmt.c)
055c:08f6      ___EFG_printf
055c:08fa*     ___EFG_scanf
Module: C:\WATCOM\lib286\dos\clibl.lib(lltoa.c)
0000:4fc0      ulltoa_
0000:50a4*     lltoa_
Module: C:\WATCOM\lib286\dos\clibl.lib(strupr.c)
0000:5106      _strupr_
Module: C:\WATCOM\lib286\dos\clibl.lib(ltoa.c)
0000:5128      ultoa_
0000:5197*     ltoa_
Module: C:\WATCOM\lib286\dos\clibl.lib(mbislead.c)
0000:51c6      _ismbblead_
055c:0b04      ___MBCSIsTable
Module: C:\WATCOM\lib286\dos\clibl.lib(fmsize.c)
0000:51e3*     _msize_
0000:51e3      _fmsize_
Module: C:\WATCOM\lib286\dos\clibl.lib(nexpand.c)
0000:51f4      _nexpand_
Module: C:\WATCOM\lib286\dos\clibl.lib(fmemcpy.c)
0000:5244      _fmemcpy_
Module: C:\WATCOM\lib286\dos\clibl.lib(fexpand.c)
0000:5269      _fexpand_
0000:5269*     _expand_
Module: C:\WATCOM\lib286\dos\clibl.lib(alphabet.c)
055c:0240      ___Alphabet
Module: C:\WATCOM\lib286\dos\clibl.lib(mbinit.c)
0000:5306      __mbinit_
055c:08fe+     ___MBCodePage
Module: C:\WATCOM\lib286\dos\clibl.lib(_expand.c)
0000:5383      __HeapManager_expand_
Module: C:\WATCOM\lib286\dos\clibl.lib(bexpand.c)
0000:5503      _bexpand_
Module: C:\WATCOM\lib286\dos\clibl.lib(mbisdbcs.c)
055c:0900      ___IsDBCS
Module: C:\WATCOM\lib286\dos\clibl.lib(getltdos.c)
0000:555c      dos_get_dbcs_lead_table_
Module: C:\WATCOM\lib286\dos\clibl.lib(getcpdos.c)
0000:5585      dos_get_code_page_
Module: C:\WATCOM\lib286\dos\clibl.lib(bfree.c)
0000:5595      _bfree_


                        +--------------------+
                        |   Libraries Used   |
                        +--------------------+

C:\WATCOM\lib286\dos\clibl.lib


                        +-----------------------+
                        |   Linker Statistics   |
                        +-----------------------+

Stack size:  0800 (2048.)
Memory size:  69d0 (27088.)
Entry point address: 0000:2056
Link time: 00:00.04
