Open Watcom Linker Version 2.0 beta Jan 23 2026 02:58:42 (64-bit)
Copyright (c) 2002-2026 The Open Watcom Contributors. All Rights Reserved.
Portions Copyright (c) 1985-2002 Sybase, Inc. All Rights Reserved.
Created on:       26/02/04 22:44:45
Executable Image: shitpants.exe
creating a DOS executable


                        +------------+
                        |   Groups   |
                        +------------+

Group                           Address              Size
=====                           =======              ====

DGROUP                          055f:0000            00001410



                        +--------------+
                        |   Segments   |
                        +--------------+

Segment                Class          Group          Address         Size
=======                =====          =====          =======         ====

data_TEXT              CODE           AUTO           0000:0000       000008e6
testtext_TEXT          CODE           AUTO           0000:08e6       00000a24
_TEXT                  CODE           AUTO           0000:1310       000042da
FAR_DATA               FAR_DATA       AUTO           055e:000a       00000000
_NULL                  BEGDATA        DGROUP         055f:0000       00000020
_AFTERNULL             BEGDATA        DGROUP         0561:0000       00000002
CONST                  DATA           DGROUP         0561:0002       00000210
CONST2                 DATA           DGROUP         0582:0002       0000002d
_DATA                  DATA           DGROUP         0585:0000       000006a0
XIB                    DATA           DGROUP         05ef:0000       00000000
XI                     DATA           DGROUP         05ef:0000       00000018
XIE                    DATA           DGROUP         05f0:0008       00000000
YIB                    DATA           DGROUP         05f0:0008       00000000
YI                     DATA           DGROUP         05f0:0008       0000000c
YIE                    DATA           DGROUP         05f1:0004       00000000
DATA                   DATA           DGROUP         05f1:0004       00000000
_BSS                   BSS            DGROUP         05f1:0004       000002df
STACK                  STACK          DGROUP         0620:0000       00000800


                        +----------------+
                        |   Memory Map   |
                        +----------------+

* = unreferenced symbol
+ = symbol only referenced locally

Address        Symbol
=======        ======

Module: data.obj(C:\code\DontShitYourPants\data.c)
055f:0260+     _firstverb
055f:0264+     _GameStrings
055f:0268+     _ACTIONS_MENU
055f:02bc+     _ACTIONS_STANDING
055f:0352+     _ACTIONS_STANDINGPANTSOFF
055f:03e2+     _ACTIONS_DOOROPEN
055f:0478+     _ACTIONS_DOOROPENPANTSOFF
055f:050e+     _ACTIONS_ONTOILET
055f:0598+     _ACTIONS_ONTOILETPANTSOFF
0000:0000+     FindString_
0000:008c+     FindVerb_
0000:0183+     LoadVerbs_
0000:06a4+     RunAction_
0000:0821+     RunVerb_
0000:0892      Gamelogic_Init_
0000:08b3      GameLogic_TextInput_
055f:0622+     _ACTIONS_SHITONFLOOR
055f:063a+     _ACTIONS_SHITINTOILET
055f:0652+     _ACTIONS_SHITPANTSSTANDING
055f:066a+     _ACTIONS_SHITINPANTSSITTING
055f:0682+     _GameStates
055f:06d6+     _filter
055f:06d9+     _CurrState
Module: testtext.obj(C:\code\DontShitYourPants\testtext.c)
0000:08e6+     set_160x100_mode_cga_
0000:098e+     set_160x100_mode_ega200_
0000:0a14+     set_160x100_mode_ega_
0000:0a9a+     set_160x100_mode_vga_
0000:0b20+     set_160x100_mode_vga_200_
0000:0b9f+     DrawText_
0000:0c10      DrawTextColor_
0000:0c84+     ClearLine_
0000:0cba      DisplayText_
0000:0cf8+     Decode_
0000:0d73      DisplayGFX_
0000:0dd6+     enable_cursor_
0000:0e47+     update_cursor_
0000:0eb8+     LoadGFX_
0000:1000      main_
055f:06de+     _text_mem
055f:06e2+     _cga160crtc
055f:06f0      _split_rows
055f:06f2+     _Countdown
055f:06f4+     _SecondCount
055f:0924+     _DrawPoint
055f:0928+     _Graphics
Module: C:\WATCOM\lib286\dos\clibl.lib(stk)
0000:1315      __STK
0000:1335*     __STKOVERFLOW_
Module: C:\WATCOM\lib286\dos\clibl.lib(strcmp.c)
0000:1350      strcmp_
Module: C:\WATCOM\lib286\dos\clibl.lib(fopen.c)
0000:1378+     __open_flags_
0000:155f+     _fsopen_
0000:15c0      fopen_
0000:1694*     freopen_
Module: C:\WATCOM\lib286\dos\clibl.lib(fgets.c)
0000:1700      fgets_
Module: C:\WATCOM\lib286\dos\clibl.lib(fmalloc.c)
0000:178f      _fmalloc_
0000:178f      malloc_
055f:06f8+     ___fheapbeg
055f:06fa      ___fheapRover
055f:06fc      ___LargestSizeB4Rover
Module: C:\WATCOM\lib286\dos\clibl.lib(strlen.c)
0000:18a0      strlen_
Module: C:\WATCOM\lib286\dos\clibl.lib(strcpy.c)
0000:18b5      strcpy_
Module: C:\WATCOM\lib286\dos\clibl.lib(strcspn.c)
0000:18fd      strcspn_
Module: C:\WATCOM\lib286\dos\clibl.lib(fclose.c)
0000:1952      __doclose_
0000:1a10      __shutdown_stream_
0000:1a27      fclose_
055f:0aea+     ___RmTmpFileFn
Module: C:\WATCOM\lib286\dos\clibl.lib(strtok.c)
0000:1a71+     strtok_r_
0000:1b42      strtok_
Module: C:\WATCOM\lib286\dos\clibl.lib(printf.c)
0000:1b51      printf_
Module: C:\WATCOM\lib286\dos\clibl.lib(cmodel)
0000:1b70      _big_code_
0000:1b70*     CodeModelMismatch
Module: C:\WATCOM\lib286\dos\clibl.lib(intx086.c)
0000:1b70+     int86x_
0000:1c11      int86_
Module: C:\WATCOM\lib286\dos\clibl.lib(outp.c)
0000:1c3e      outp_
Module: C:\WATCOM\lib286\dos\clibl.lib(memset.c)
0000:1c48      memset_
Module: C:\WATCOM\lib286\dos\clibl.lib(inp.c)
0000:1c5f      inp_
Module: C:\WATCOM\lib286\dos\clibl.lib(exit.c)
0000:1c67+     __null_int23_exit_
0000:1c68      exit_
0000:1c93*     _exit_
055f:0702+     ___int23_exit
055f:0704+     ___FPE_handler_exit
Module: C:\WATCOM\lib286\dos\clibl.lib(fseek.c)
0000:1d17      fseek_
Module: C:\WATCOM\lib286\dos\clibl.lib(ftell.c)
0000:1e75      ftell_
Module: C:\WATCOM\lib286\dos\clibl.lib(fread.c)
0000:1ed1      fread_
Module: C:\WATCOM\lib286\dos\clibl.lib(getch.c)
0000:2098      getch_
Module: C:\WATCOM\lib286\dos\clibl.lib(kbhit.c)
0000:20b2      kbhit_
Module: C:\WATCOM\lib286\dos\clibl.lib(cstart)
055f:0000*     __nullarea
055f:0706*     __ovlflag
055f:0707*     __intno
055f:0708*     __ovlvec
0000:20ce      _cstart_
0000:2279      __exit_
0000:2296      __do_exit_with_msg_
0000:2373      __GETDS
Module: C:\WATCOM\lib286\dos\clibl.lib(xmsg.c)
0000:237d*     __exit_with_msg_
0000:2380      __fatal_runtime_error_
Module: C:\WATCOM\lib286\dos\clibl.lib(crwdata)
055f:070c      __curbrk
055f:0714      __STACKLOW
055f:0716      __STACKTOP
055f:0718      __cbyte
055f:071a      __child
055f:071c      __no87
055f:0729      ___FPE_handler
055f:070e      __psp
055f:071d      __get_ovl_stack
055f:0721      __restore_ovl_stack
055f:0725      __close_ovl_file
055f:072d      __LpCmdLine
055f:0731      __LpPgmName
055f:0710      __osmajor
055f:0711      __osminor
055f:0712      __osmode
055f:0713      __HShift
Module: C:\WATCOM\lib286\dos\clibl.lib(comtflag.c)
055f:0736      __commode
Module: C:\WATCOM\lib286\dos\clibl.lib(errno.c)
0000:239a*     __get_errno_ptr_
055f:0aec      _errno
Module: C:\WATCOM\lib286\dos\clibl.lib(textmode.c)
055f:0738      __fmode
Module: C:\WATCOM\lib286\dos\clibl.lib(tolower.c)
0000:23a1      tolower_
Module: C:\WATCOM\lib286\dos\clibl.lib(open.c)
0000:259f*     open_
0000:25c6      _sopen_
Module: C:\WATCOM\lib286\dos\clibl.lib(chktty.c)
0000:25e5      __chktty_
Module: C:\WATCOM\lib286\dos\clibl.lib(freefp.c)
0000:2610      __freefp_
0000:2685      __purgefp_
Module: C:\WATCOM\lib286\dos\clibl.lib(allocfp.c)
0000:26c1      __allocfp_
Module: C:\WATCOM\lib286\dos\clibl.lib(iob.c)
055f:073a      ___iob
055f:0aee      ___OpenStreams
055f:0af2      ___ClosedStreams
Module: C:\WATCOM\lib286\dos\clibl.lib(fgetc.c)
0000:27db      __fill_buffer_
0000:28c7      fgetc_
Module: C:\WATCOM\lib286\dos\clibl.lib(mem.c)
0000:2970      __MemAllocator
0000:2a36      __MemFree
Module: C:\WATCOM\lib286\dos\clibl.lib(growseg.c)
0000:2bad      __GrowSeg_
Module: C:\WATCOM\lib286\dos\clibl.lib(allocseg.c)
0000:2c7c      __AllocSeg_
Module: C:\WATCOM\lib286\dos\clibl.lib(fmemneed.c)
0000:2d1b      __fmemneed_
Module: C:\WATCOM\lib286\dos\clibl.lib(nmalloc.c)
0000:2d1e      _nmalloc_
055f:08a2      ___nheapbeg
055f:08a4      ___MiniHeapRover
055f:08a6      ___LargestSizeB4MiniHeapRover
Module: C:\WATCOM\lib286\dos\clibl.lib(heapgrow.c)
0000:2df5*     _heapgrow_
0000:2df5*     _fheapgrow_
0000:2df6      _nheapgrow_
Module: C:\WATCOM\lib286\dos\clibl.lib(setbits.c)
0000:2e6d      __setbits_
Module: C:\WATCOM\lib286\dos\clibl.lib(bits.c)
055f:0232      __Bits
Module: C:\WATCOM\lib286\dos\clibl.lib(__lseek.c)
0000:2ebb      __lseek_
Module: C:\WATCOM\lib286\dos\clibl.lib(_clse.c)
0000:2ef9      __close_
Module: C:\WATCOM\lib286\dos\clibl.lib(ffree.c)
0000:2f22      _ffree_
0000:2f22      free_
Module: C:\WATCOM\lib286\dos\clibl.lib(flush.c)
0000:2f6a      __flush_
0000:309c*     __clib_flush_
Module: C:\WATCOM\lib286\dos\clibl.lib(fprtf.c)
0000:30bc      __fprtf_
Module: C:\WATCOM\lib286\dos\clibl.lib(dointr)
0000:3180      _DoINTR_
Module: C:\WATCOM\lib286\dos\clibl.lib(segread.c)
0000:34f5      segread_
Module: C:\WATCOM\lib286\dos\clibl.lib(initrtns.c)
0000:3547      __InitRtns
0000:359e      __FiniRtns
Module: C:\WATCOM\lib286\dos\clibl.lib(lseek.c)
0000:35fe      lseek_
Module: C:\WATCOM\lib286\dos\clibl.lib(tell.c)
0000:3629      _tell_
Module: C:\WATCOM\lib286\dos\clibl.lib(fflush.c)
0000:3638      fflush_
Module: C:\WATCOM\lib286\dos\clibl.lib(memcpy.c)
0000:364c      memcpy_
Module: C:\WATCOM\lib286\dos\clibl.lib(qread.c)
0000:366e      __qread_
Module: C:\WATCOM\lib286\dos\clibl.lib(ioalloc.c)
0000:368c      __ioalloc_
Module: C:\WATCOM\lib286\dos\clibl.lib(cmain086.c)
0000:3724      __CMain
Module: C:\WATCOM\lib286\dos\clibl.lib(uselfn.c)
055f:08a8      ___uselfn
Module: C:\WATCOM\lib286\dos\clibl.lib(dosseg)
0000:3740      __DOSseg__
Module: C:\WATCOM\lib286\dos\clibl.lib(enterdb.c)
0000:3741      __EnterWVIDEO_
055f:08aa+     __WD_Present
Module: C:\WATCOM\lib286\dos\clibl.lib(opendos.c)
0000:3765      _dos_open_
Module: C:\WATCOM\lib286\dos\clibl.lib(iomode.c)
0000:3789      __GetIOMode_
0000:37ae      __SetIOMode_
055f:08ac      ___NFiles
055f:08ae      ___init_mode
055f:08d6      ___io_mode
Module: C:\WATCOM\lib286\dos\clibl.lib(isatt.c)
0000:37d1      isatty_
Module: C:\WATCOM\lib286\dos\clibl.lib(doserrno.c)
0000:37f7*     __get_doserrno_ptr_
055f:0af6      __doserrno
Module: C:\WATCOM\lib286\dos\clibl.lib(umaskval.c)
055f:08da      ___umaskval
Module: C:\WATCOM\lib286\dos\clibl.lib(creatdos.c)
0000:37fe      _dos_creat_
0000:3820*     _dos_creatnew_
Module: C:\WATCOM\lib286\dos\clibl.lib(stiomode.c)
0000:383f+     __grow_iomode_
0000:392b      __SetIOMode_grow_
Module: C:\WATCOM\lib286\dos\clibl.lib(dosret.c)
0000:3983      __set_errno_dos_
0000:39dd*     __set_errno_dos_reterr_
Module: C:\WATCOM\lib286\dos\clibl.lib(initfile.c)
0000:39e7      __InitFiles_
Module: C:\WATCOM\lib286\dos\clibl.lib(ioexit.c)
0000:3b3e*     fcloseall_
0000:3b45      __full_io_exit_
Module: C:\WATCOM\lib286\dos\clibl.lib(flushall.c)
0000:3b4d      __flushall_
0000:3ba8      flushall_
Module: C:\WATCOM\lib286\dos\clibl.lib(gtche.c)
0000:3baf      getche_
Module: C:\WATCOM\lib286\dos\clibl.lib(heapen.c)
0000:3bc9*     _heapenable_
055f:08f0      ___heap_enabled
Module: C:\WATCOM\lib286\dos\clibl.lib(amblksiz.c)
055f:08f2      __amblksiz
Module: C:\WATCOM\lib286\dos\clibl.lib(nmemneed.c)
0000:3bda      __nmemneed_
Module: C:\WATCOM\lib286\dos\clibl.lib(grownear.c)
0000:3c5c      __LastFree_
0000:3cd4      __ExpandDGROUP_
Module: C:\WATCOM\lib286\dos\clibl.lib(nfree.c)
0000:3dd9      _nfree_
055f:0afa+     ___MiniHeapFreeRover
Module: C:\WATCOM\lib286\dos\clibl.lib(qwrit.c)
0000:3ed6      __qwrite_
Module: C:\WATCOM\lib286\dos\clibl.lib(fsync.c)
0000:3f32      fsync_
Module: C:\WATCOM\lib286\dos\clibl.lib(fputc.c)
0000:3f37      fputc_
Module: C:\WATCOM\lib286\dos\clibl.lib(prtf.c)
0000:4b45      __prtf_
Module: C:\WATCOM\lib286\dos\clibl.lib(sgdef086)
055f:0900      __Start_XI
055f:0918      __End_XI
055f:0918      __Start_YI
055f:0924      __End_YI
Module: C:\WATCOM\lib286\dos\clibl.lib(___argc.c)
055f:0afc      ____Argv
055f:0b00      ____Argc
Module: C:\WATCOM\lib286\dos\clibl.lib(doserror)
0000:4d7a      __doserror_
0000:4d86*     __doserror1_
Module: C:\WATCOM\lib286\dos\clibl.lib(frealloc.c)
0000:4d90*     _frealloc_
0000:4d90      realloc_
Module: C:\WATCOM\lib286\dos\clibl.lib(iomodtty.c)
0000:4e54      __ChkTTYIOMode_
Module: C:\WATCOM\lib286\dos\clibl.lib(sbrk.c)
0000:4e92      __brk_
0000:4ef7*     sbrk_
Module: C:\WATCOM\lib286\dos\clibl.lib(filedos.c)
0000:4f07*     _dos_close_
0000:4f13      _dos_commit_
Module: C:\WATCOM\lib286\dos\clibl.lib(wctomb.c)
0000:4f20      wctomb_
Module: C:\WATCOM\lib286\dos\clibl.lib(itoa.c)
0000:4f49+     utoa_
0000:4fa6      itoa_
Module: C:\WATCOM\lib286\dos\clibl.lib(i4m)
0000:4fca*     __I4M
0000:4fca      __U4M
Module: C:\WATCOM\lib286\dos\clibl.lib(noefgfmt.c)
055f:08f4      ___EFG_printf
055f:08f8*     ___EFG_scanf
Module: C:\WATCOM\lib286\dos\clibl.lib(lltoa.c)
0000:4ff0      ulltoa_
0000:50d4*     lltoa_
Module: C:\WATCOM\lib286\dos\clibl.lib(strupr.c)
0000:5136      _strupr_
Module: C:\WATCOM\lib286\dos\clibl.lib(ltoa.c)
0000:5158      ultoa_
0000:51c7*     ltoa_
Module: C:\WATCOM\lib286\dos\clibl.lib(mbislead.c)
0000:51f6      _ismbblead_
055f:0b02      ___MBCSIsTable
Module: C:\WATCOM\lib286\dos\clibl.lib(fmsize.c)
0000:5213*     _msize_
0000:5213      _fmsize_
Module: C:\WATCOM\lib286\dos\clibl.lib(nexpand.c)
0000:5224      _nexpand_
Module: C:\WATCOM\lib286\dos\clibl.lib(fmemcpy.c)
0000:5274      _fmemcpy_
Module: C:\WATCOM\lib286\dos\clibl.lib(fexpand.c)
0000:5299      _fexpand_
0000:5299*     _expand_
Module: C:\WATCOM\lib286\dos\clibl.lib(alphabet.c)
055f:023a      ___Alphabet
Module: C:\WATCOM\lib286\dos\clibl.lib(mbinit.c)
0000:5336      __mbinit_
055f:08fc+     ___MBCodePage
Module: C:\WATCOM\lib286\dos\clibl.lib(_expand.c)
0000:53b3      __HeapManager_expand_
Module: C:\WATCOM\lib286\dos\clibl.lib(bexpand.c)
0000:5533      _bexpand_
Module: C:\WATCOM\lib286\dos\clibl.lib(mbisdbcs.c)
055f:08fe      ___IsDBCS
Module: C:\WATCOM\lib286\dos\clibl.lib(getltdos.c)
0000:558c      dos_get_dbcs_lead_table_
Module: C:\WATCOM\lib286\dos\clibl.lib(getcpdos.c)
0000:55b5      dos_get_code_page_
Module: C:\WATCOM\lib286\dos\clibl.lib(bfree.c)
0000:55c5      _bfree_


                        +--------------------+
                        |   Libraries Used   |
                        +--------------------+

C:\WATCOM\lib286\dos\clibl.lib


                        +-----------------------+
                        |   Linker Statistics   |
                        +-----------------------+

Stack size:  0800 (2048.)
Memory size:  6a00 (27136.)
Entry point address: 0000:20ce
Link time: 00:00.39
